Archive member included because of file (symbol)

contiki-sky.a(contiki-sky-pla)
                              obj_sky/contiki-sky-main.o (init_platform)
contiki-sky.a(button-sensor.o)
                              aodv.co (button_sensor)
contiki-sky.a(ds2411.o)       obj_sky/contiki-sky-main.o (ds2411_init)
contiki-sky.a(xmem.o)         obj_sky/contiki-sky-main.o (xmem_init)
contiki-sky.a(node-id.o)      obj_sky/contiki-sky-main.o (node_id_restore)
contiki-sky.a(sensors.o)      aodv.co (sensors_event)
contiki-sky.a(cc2420.o)       obj_sky/contiki-sky-main.o (cc2420_set_pan_addr)
contiki-sky.a(cc2420-arch.o)  contiki-sky.a(cc2420.o) (cc2420_arch_init)
contiki-sky.a(uart1.o)        obj_sky/contiki-sky-main.o (uart1_active)
contiki-sky.a(slip_uart1.o)   aodv.co (putchar)
contiki-sky.a(slip.o)         obj_sky/contiki-sky-main.o (slip_set_input_callback)
contiki-sky.a(msp430.o)       contiki-sky.a(uart1.o) (msp430_add_lpm_req)
contiki-sky.a(clock.o)        obj_sky/contiki-sky-main.o (clock_init)
contiki-sky.a(leds.o)         obj_sky/contiki-sky-main.o (leds_init)
contiki-sky.a(leds-arch.o)    contiki-sky.a(leds.o) (leds_arch_init)
contiki-sky.a(watchdog.o)     obj_sky/contiki-sky-main.o (watchdog_start)
contiki-sky.a(rtimer-arch.o)  obj_sky/contiki-sky-main.o (rtimer_arch_now)
contiki-sky.a(autostart.o)    obj_sky/contiki-sky-main.o (autostart_start)
contiki-sky.a(ctimer.o)       obj_sky/contiki-sky-main.o (ctimer_init)
contiki-sky.a(energest.o)     obj_sky/contiki-sky-main.o (energest_init)
contiki-sky.a(etimer.o)       contiki-sky.a(clock.o) (etimer_request_poll)
contiki-sky.a(process.o)      contiki-sky.a(ctimer.o) (process_current)
contiki-sky.a(rtimer.o)       obj_sky/contiki-sky-main.o (rtimer_init)
contiki-sky.a(timer.o)        obj_sky/contiki-sky-main.o (timer_set)
contiki-sky.a(list.o)         contiki-sky.a(ctimer.o) (list_init)
contiki-sky.a(random.o)       obj_sky/contiki-sky-main.o (random_init)
contiki-sky.a(uip.o)          contiki-sky.a(slip.o) (uip_aligned_buf)
contiki-sky.a(uip-fw.o)       obj_sky/contiki-sky-main.o (uip_fw_default)
contiki-sky.a(uip-fw-drv.o)   obj_sky/contiki-sky-main.o (uip_fw_process)
contiki-sky.a(uip-over-mesh.o)
                              obj_sky/contiki-sky-main.o (uip_over_mesh_init)
contiki-sky.a(tcpip.o)        contiki-sky.a(uip-fw-drv.o) (tcpip_set_outputfunc)
contiki-sky.a(broadcast.o)    aodv.co (broadcast_open)
contiki-sky.a(channel.o)      contiki-sky.a(broadcast.o) (channel_set_attributes)
contiki-sky.a(rime.o)         obj_sky/contiki-sky-main.o (rime_driver)
contiki-sky.a(route.o)        contiki-sky.a(uip-over-mesh.o) (route_init)
contiki-sky.a(route-discovery)
                              contiki-sky.a(uip-over-mesh.o) (route_discovery_open)
contiki-sky.a(trickle.o)      contiki-sky.a(uip-over-mesh.o) (trickle_open)
contiki-sky.a(unicast.o)      aodv.co (unicast_open)
contiki-sky.a(csma.o)         obj_sky/contiki-sky-main.o (csma_driver)
contiki-sky.a(mac.o)          contiki-sky.a(csma.o) (mac_call_sent_callback)
contiki-sky.a(linkaddr.o)     obj_sky/contiki-sky-main.o (linkaddr_copy)
contiki-sky.a(packetbuf.o)    contiki-sky.a(rime.o) (packetbuf_compact)
contiki-sky.a(queuebuf.o)     contiki-sky.a(rime.o) (queuebuf_init)
contiki-sky.a(contikimac.o)   obj_sky/contiki-sky-main.o (contikimac_driver)
contiki-sky.a(contikimac-fram)
                              contiki-sky.a(contikimac.o) (contikimac_framer)
contiki-sky.a(nullsec.o)      obj_sky/contiki-sky-main.o (nullsec_driver)
contiki-sky.a(spi.o)          contiki-sky.a(xmem.o) (spi_init)
contiki-sky.a(uip-ipchksum.o)
                              contiki-sky.a(slip.o) (uip_ipchksum)
contiki-sky.a(compower.o)     contiki-sky.a(contikimac.o) (compower_idle_activity)
contiki-sky.a(memb.o)         contiki-sky.a(route.o) (memb_init)
contiki-sky.a(abc.o)          contiki-sky.a(broadcast.o) (abc_open)
contiki-sky.a(announcement.o)
                              contiki-sky.a(rime.o) (announcement_init)
contiki-sky.a(broadcast-annou)
                              contiki-sky.a(rime.o) (broadcast_announcement_init)
contiki-sky.a(chameleon.o)    contiki-sky.a(rime.o) (chameleon_init)
contiki-sky.a(netflood.o)     contiki-sky.a(route-discovery) (netflood_open)
contiki-sky.a(framer-802154.o)
                              contiki-sky.a(contikimac-fram) (framer_802154)
contiki-sky.a(framer.o)       contiki-sky.a(framer-802154.o) (framer_canonical_create_and_secure)
contiki-sky.a(mac-sequence.o)
                              contiki-sky.a(contikimac.o) (mac_sequence_is_duplicate)
contiki-sky.a(chameleon-bitop)
                              contiki-sky.a(chameleon.o) (chameleon_bitopt)
contiki-sky.a(ipolite.o)      contiki-sky.a(netflood.o) (ipolite_open)
contiki-sky.a(frame802154.o)  contiki-sky.a(framer-802154.o) (frame802154_hdrlen)
/home/harishnr/NES/mspgcc-4.7.3/bin/../lib/gcc/msp430/4.7.3/mmpy-16/libgcc.a(_mulsi3.o)
                              contiki-sky.a(csma.o) (__mulsi3)
[...]
Memory Configuration

Name             Origin             Length             Attributes
sfr              0x0000000000000000 0x0000000000000010
peripheral_8bit  0x0000000000000010 0x00000000000000f0
peripheral_16bit 0x0000000000000100 0x0000000000000100
ram_mirror       0x0000000000000200 0x0000000000000800 xw
infomem          0x0000000000001000 0x0000000000000100
infob            0x0000000000001000 0x0000000000000080
infoa            0x0000000000001080 0x0000000000000080
ram              0x0000000000001100 0x0000000000002800 xw
rom              0x0000000000004000 0x000000000000bfe0 xr
vectors          0x000000000000ffe0 0x0000000000000020
bsl              0x0000000000000000 0x0000000000000000
infoc            0x0000000000000000 0x0000000000000000
infod            0x0000000000000000 0x0000000000000000
ram2             0x0000000000000000 0x0000000000000000 xw
usbram           0x0000000000000000 0x0000000000000000 xw
far_rom          0x0000000000000000 0x0000000000000000
*default*        0x0000000000000000 0xffffffffffffffff

Linker script and memory map

LOAD /home/harishnr/NES/mspgcc-4.7.3/bin/../lib/gcc/msp430/4.7.3/mmpy-16/crt0ivtbl16.o
LOAD aodv.co
LOAD obj_sky/contiki-sky-main.o
LOAD contiki-sky.a
LOAD /home/harishnr/NES/mspgcc-4.7.3/bin/../lib/gcc/msp430/4.7.3/mmpy-16/libgcc.a
LOAD /home/harishnr/NES/mspgcc-4.7.3/bin/../lib/gcc/msp430/4.7.3/../../../../msp430/lib/mmpy-16/libc.a
LOAD /home/harishnr/NES/mspgcc-4.7.3/bin/../lib/gcc/msp430/4.7.3/mmpy-16/libgcc.a
LOAD /home/harishnr/NES/mspgcc-4.7.3/bin/../lib/gcc/msp430/4.7.3/mmpy-16/libcrt0.a
                0x0000000000000080                PROVIDE (__info_segment_size, 0x80)
                0x0000000000001000                PROVIDE (__infob, 0x1000)
                0x0000000000001080                PROVIDE (__infoa, 0x1080)
                0x0000000000000000                __IE1 = 0x0
                0x0000000000000002                __IFG1 = 0x2
                0x0000000000000004                __ME1 = 0x4
                0x0000000000000001                __IE2 = 0x1
                0x0000000000000003                __IFG2 = 0x3
                0x0000000000000005                __ME2 = 0x5
                0x0000000000000120                __WDTCTL = 0x120
                0x0000000000000130                __MPY = 0x130
                0x0000000000000132                __MPYS = 0x132
                0x0000000000000134                __MAC = 0x134
                0x0000000000000136                __MACS = 0x136
                0x0000000000000138                __OP2 = 0x138
                0x000000000000013a                __RESLO = 0x13a
                0x000000000000013c                __RESHI = 0x13c
                0x000000000000013e                __SUMEXT = 0x13e
                0x0000000000000020                __P1IN = 0x20
                0x0000000000000021                __P1OUT = 0x21
                0x0000000000000022                __P1DIR = 0x22
                0x0000000000000023                __P1IFG = 0x23
                0x0000000000000024                __P1IES = 0x24
                0x0000000000000025                __P1IE = 0x25
                0x0000000000000026                __P1SEL = 0x26
                0x0000000000000028                __P2IN = 0x28
                0x0000000000000029                __P2OUT = 0x29
                0x000000000000002a                __P2DIR = 0x2a
                0x000000000000002b                __P2IFG = 0x2b
                0x000000000000002c                __P2IES = 0x2c
                0x000000000000002d                __P2IE = 0x2d
                0x000000000000002e                __P2SEL = 0x2e
                0x0000000000000018                __P3IN = 0x18
                0x0000000000000019                __P3OUT = 0x19
                0x000000000000001a                __P3DIR = 0x1a
                0x000000000000001b                __P3SEL = 0x1b
                0x000000000000001c                __P4IN = 0x1c
                0x000000000000001d                __P4OUT = 0x1d
                0x000000000000001e                __P4DIR = 0x1e
                0x000000000000001f                __P4SEL = 0x1f
                0x0000000000000030                __P5IN = 0x30
                0x0000000000000031                __P5OUT = 0x31
                0x0000000000000032                __P5DIR = 0x32
                0x0000000000000033                __P5SEL = 0x33
                0x0000000000000034                __P6IN = 0x34
                0x0000000000000035                __P6OUT = 0x35
                0x0000000000000036                __P6DIR = 0x36
                0x0000000000000037                __P6SEL = 0x37
                0x0000000000000070                __U0CTL = 0x70
                0x0000000000000071                __U0TCTL = 0x71
                0x0000000000000072                __U0RCTL = 0x72
                0x0000000000000073                __U0MCTL = 0x73
                0x0000000000000074                __U0BR0 = 0x74
                0x0000000000000075                __U0BR1 = 0x75
                0x0000000000000076                __U0RXBUF = 0x76
                0x0000000000000077                __U0TXBUF = 0x77
                0x0000000000000078                __U1CTL = 0x78
                0x0000000000000079                __U1TCTL = 0x79
                0x000000000000007a                __U1RCTL = 0x7a
                0x000000000000007b                __U1MCTL = 0x7b
                0x000000000000007c                __U1BR0 = 0x7c
                0x000000000000007d                __U1BR1 = 0x7d
                0x000000000000007e                __U1RXBUF = 0x7e
                0x000000000000007f                __U1TXBUF = 0x7f
                0x0000000000000050                __I2CIE = 0x50
                0x0000000000000051                __I2CIFG = 0x51
                0x0000000000000052                __I2CNDAT = 0x52
                0x0000000000000071                __I2CTCTL = 0x71
                0x0000000000000072                __I2CDCTL = 0x72
                0x0000000000000073                __I2CPSC = 0x73
                0x0000000000000074                __I2CSCLH = 0x74
                0x0000000000000075                __I2CSCLL = 0x75
                0x0000000000000076                __I2CDRB = 0x76
                0x0000000000000076                __I2CDRW = 0x76
                0x0000000000000118                __I2COA = 0x118
                0x000000000000011a                __I2CSA = 0x11a
                0x000000000000011c                __I2CIV = 0x11c
                0x000000000000012e                __TAIV = 0x12e
                0x0000000000000160                __TACTL = 0x160
                0x0000000000000162                __TACCTL0 = 0x162
                0x0000000000000164                __TACCTL1 = 0x164
                0x0000000000000166                __TACCTL2 = 0x166
                0x0000000000000170                __TAR = 0x170
                0x0000000000000172                __TACCR0 = 0x172
                0x0000000000000174                __TACCR1 = 0x174
                0x0000000000000176                __TACCR2 = 0x176
                0x000000000000011e                __TBIV = 0x11e
                0x0000000000000180                __TBCTL = 0x180
                0x0000000000000182                __TBCCTL0 = 0x182
                0x0000000000000184                __TBCCTL1 = 0x184
                0x0000000000000186                __TBCCTL2 = 0x186
                0x0000000000000188                __TBCCTL3 = 0x188
                0x000000000000018a                __TBCCTL4 = 0x18a
                0x000000000000018c                __TBCCTL5 = 0x18c
                0x000000000000018e                __TBCCTL6 = 0x18e
                0x0000000000000190                __TBR = 0x190
                0x0000000000000192                __TBCCR0 = 0x192
                0x0000000000000194                __TBCCR1 = 0x194
                0x0000000000000196                __TBCCR2 = 0x196
                0x0000000000000198                __TBCCR3 = 0x198
                0x000000000000019a                __TBCCR4 = 0x19a
                0x000000000000019c                __TBCCR5 = 0x19c
                0x000000000000019e                __TBCCR6 = 0x19e
                0x0000000000000056                __DCOCTL = 0x56
                0x0000000000000057                __BCSCTL1 = 0x57
                0x0000000000000058                __BCSCTL2 = 0x58
                0x0000000000000055                __SVSCTL = 0x55
                0x0000000000000128                __FCTL1 = 0x128
                0x000000000000012a                __FCTL2 = 0x12a
                0x000000000000012c                __FCTL3 = 0x12c
                0x0000000000000059                __CACTL1 = 0x59
                0x000000000000005a                __CACTL2 = 0x5a
                0x000000000000005b                __CAPD = 0x5b
                0x00000000000001a0                __ADC12CTL0 = 0x1a0
                0x00000000000001a2                __ADC12CTL1 = 0x1a2
                0x00000000000001a4                __ADC12IFG = 0x1a4
                0x00000000000001a6                __ADC12IE = 0x1a6
                0x00000000000001a8                __ADC12IV = 0x1a8
                0x0000000000000140                __ADC12MEM0 = 0x140
                0x0000000000000142                __ADC12MEM1 = 0x142
                0x0000000000000144                __ADC12MEM2 = 0x144
                0x0000000000000146                __ADC12MEM3 = 0x146
                0x0000000000000148                __ADC12MEM4 = 0x148
                0x000000000000014a                __ADC12MEM5 = 0x14a
                0x000000000000014c                __ADC12MEM6 = 0x14c
                0x000000000000014e                __ADC12MEM7 = 0x14e
                0x0000000000000150                __ADC12MEM8 = 0x150
                0x0000000000000152                __ADC12MEM9 = 0x152
                0x0000000000000154                __ADC12MEM10 = 0x154
                0x0000000000000156                __ADC12MEM11 = 0x156
                0x0000000000000158                __ADC12MEM12 = 0x158
                0x000000000000015a                __ADC12MEM13 = 0x15a
                0x000000000000015c                __ADC12MEM14 = 0x15c
                0x000000000000015e                __ADC12MEM15 = 0x15e
                0x0000000000000080                __ADC12MCTL0 = 0x80
                0x0000000000000081                __ADC12MCTL1 = 0x81
                0x0000000000000082                __ADC12MCTL2 = 0x82
                0x0000000000000083                __ADC12MCTL3 = 0x83
                0x0000000000000084                __ADC12MCTL4 = 0x84
                0x0000000000000085                __ADC12MCTL5 = 0x85
                0x0000000000000086                __ADC12MCTL6 = 0x86
                0x0000000000000087                __ADC12MCTL7 = 0x87
                0x0000000000000088                __ADC12MCTL8 = 0x88
                0x0000000000000089                __ADC12MCTL9 = 0x89
                0x000000000000008a                __ADC12MCTL10 = 0x8a
                0x000000000000008b                __ADC12MCTL11 = 0x8b
                0x000000000000008c                __ADC12MCTL12 = 0x8c
                0x000000000000008d                __ADC12MCTL13 = 0x8d
                0x000000000000008e                __ADC12MCTL14 = 0x8e
                0x000000000000008f                __ADC12MCTL15 = 0x8f
                0x00000000000001c0                __DAC12_0CTL = 0x1c0
                0x00000000000001c2                __DAC12_1CTL = 0x1c2
                0x00000000000001c8                __DAC12_0DAT = 0x1c8
                0x00000000000001ca                __DAC12_1DAT = 0x1ca
                0x0000000000000122                __DMACTL0 = 0x122
                0x0000000000000124                __DMACTL1 = 0x124
                0x00000000000001e0                __DMA0CTL = 0x1e0
                0x00000000000001e8                __DMA1CTL = 0x1e8
                0x00000000000001f0                __DMA2CTL = 0x1f0
                0x00000000000001e2                __DMA0SA = 0x1e2
                0x00000000000001e4                __DMA0DA = 0x1e4
                0x00000000000001e6                __DMA0SZ = 0x1e6
                0x00000000000001ea                __DMA1SA = 0x1ea
                0x00000000000001ec                __DMA1DA = 0x1ec
                0x00000000000001ee                __DMA1SZ = 0x1ee
                0x00000000000001f2                __DMA2SA = 0x1f2
                0x00000000000001f4                __DMA2DA = 0x1f4
                0x00000000000001f6                __DMA2SZ = 0x1f6

.hash
 *(.hash)

.dynsym
 *(.dynsym)

.dynstr
 *(.dynstr)

.gnu.version
 *(.gnu.version)

.gnu.version_d
 *(.gnu.version_d)

.gnu.version_r
 *(.gnu.version_r)

.rel.init
 *(.rel.init)

.rela.init
 *(.rela.init)

.rel.fini
 *(.rel.fini)

.rela.fini
 *(.rela.fini)

.rel.text
 *(.rel.text .rel.text.* .rel.gnu.linkonce.t.*)

.rela.text
 *(.rela.text .rela.text.* .rela.gnu.linkonce.t.*)

.rel.rodata
 *(.rel.rodata .rel.rodata.* .rel.gnu.linkonce.r.*)

.rela.rodata
 *(.rela.rodata .rela.rodata.* .rela.gnu.linkonce.r.*)

.rel.data
 *(.rel.data .rel.data.* .rel.gnu.linkonce.d.*)

.rela.data
 *(.rela.data .rela.data.* .rela.gnu.linkonce.d.*)

.rel.bss
 *(.rel.bss .rel.bss.* .rel.gnu.linkonce.b.*)

.rela.bss
 *(.rela.bss .rela.bss.* .rela.gnu.linkonce.b.*)

.rel.ctors
 *(.rel.ctors)

.rela.ctors
 *(.rela.ctors)

.rel.dtors
 *(.rel.dtors)

.rela.dtors
 *(.rela.dtors)

.rel.got
 *(.rel.got)

.rela.got
 *(.rela.got)

.rel.plt
 *(.rel.plt)

.rela.plt
 *(.rela.plt)

.text           0x0000000000004000     0x75fa
                0x0000000000004000                . = ALIGN (0x2)
 *(.init .init.*)
 *(.init0)
 .init0         0x0000000000004000        0x0 /home/harishnr/NES/mspgcc-4.7.3/bin/../lib/gcc/msp430/4.7.3/mmpy-16/libcrt0.a(_reset_vector__.o)
                0x0000000000004000                _reset_vector__
 *(.init1)
 .init1         0x0000000000004000        0xc /home/harishnr/NES/mspgcc-4.7.3/bin/../lib/gcc/msp430/4.7.3/mmpy-16/libcrt0.a(__watchdog_support.o)
                0x0000000000004000                __watchdog_support
 *(.init2)
 .init2         0x000000000000400c        0x4 /home/harishnr/NES/mspgcc-4.7.3/bin/../lib/gcc/msp430/4.7.3/mmpy-16/libcrt0.a(__init_stack.o)
                0x000000000000400c                __init_stack
 *(.init3)
 .init3         0x0000000000004010        0x0 /home/harishnr/NES/mspgcc-4.7.3/bin/../lib/gcc/msp430/4.7.3/mmpy-16/libcrt0.a(__low_level_init.o)
                0x0000000000004010                __low_level_init
 *(.init4)
 .init4         0x0000000000004010       0x18 /home/harishnr/NES/mspgcc-4.7.3/bin/../lib/gcc/msp430/4.7.3/mmpy-16/libcrt0.a(_copy_data.o)
                0x0000000000004010                __do_copy_data
 .init4         0x0000000000004028       0x16 /home/harishnr/NES/mspgcc-4.7.3/bin/../lib/gcc/msp430/4.7.3/mmpy-16/libcrt0.a(_clear_bss.o)
                0x0000000000004028                __do_clear_bss
 *(.init5)
 *(.init6)
 *(.init7)
 *(.init8)
 *(.init9)
 .init9         0x000000000000403e      0x386 obj_sky/contiki-sky-main.o
                0x000000000000403e                main
 *(.fini9)
 .fini9         0x00000000000043c4        0x0 /home/harishnr/NES/mspgcc-4.7.3/bin/../lib/gcc/msp430/4.7.3/mmpy-16/libcrt0.a(__stop_progExec__.o)
                0x00000000000043c4                __stop_progExec__
 *(.fini8)
 *(.fini7)
 *(.fini6)
 *(.fini5)
 *(.fini4)
 *(.fini3)
 *(.fini2)
 *(.fini1)
 *(.fini0)
 .fini0         0x00000000000043c4        0x6 /home/harishnr/NES/mspgcc-4.7.3/bin/../lib/gcc/msp430/4.7.3/mmpy-16/libcrt0.a(_endless_loop__.o)
                0x00000000000043c4                _endless_loop__
 *(.fini .fini.*)
                0x00000000000043ca                . = ALIGN (0x2)
                0x00000000000043ca                __ctors_start = .
 *(.ctors)
                0x00000000000043ca                __ctors_end = .
                0x00000000000043ca                __dtors_start = .
 *(.dtors)
                0x00000000000043ca                __dtors_end = .
                0x00000000000043ca                . = ALIGN (0x2)
 *(.text .text.* .gnu.linkonce.t.*)
 .text          0x00000000000043ca        0x4 /home/harishnr/NES/mspgcc-4.7.3/bin/../lib/gcc/msp430/4.7.3/mmpy-16/crt0ivtbl16.o
                0x00000000000043ca                __isr_14
                0x00000000000043ca                __isr_11
                0x00000000000043ca                __isr_2
                0x00000000000043ca                __isr_7
                0x00000000000043ca                __isr_0
                0x00000000000043ca                __isr_8
                0x00000000000043ca                __isr_3
                0x00000000000043ca                __isr_12
                0x00000000000043ca                __isr_13
                0x00000000000043ca                __isr_9
 .text.printRouteTbl
                0x00000000000043ce       0x5e aodv.co
 .text.printDiscTbl
                0x000000000000442c       0x5a aodv.co
 .text.process_thread_seqno
                0x0000000000004486       0xec aodv.co
 .text.fwdrrep  0x0000000000004572       0x58 aodv.co
 .text.process_thread_est_conn
                0x00000000000045ca       0x8c aodv.co
 .text.broadcast_rreq
                0x0000000000004656       0xb4 aodv.co
 .text.unicast_data
                0x000000000000470a       0x30 aodv.co
 .text.unicast_rrep
                0x000000000000473a       0xcc aodv.co
 .text.process_thread_rreq_pck
                0x0000000000004806       0xc8 aodv.co
 .text.process_thread_data_pck
                0x00000000000048ce      0x13c aodv.co
 .text.set_gateway
                0x0000000000004a0a       0x5a obj_sky/contiki-sky-main.o
 .text.start_network_layer
                0x0000000000004a64       0x3c obj_sky/contiki-sky-main.o
 .text.init_platform
                0x0000000000004aa0        0xc contiki-sky.a(contiki-sky-pla)
                0x0000000000004aa0                init_platform
 .text.status   0x0000000000004aac       0x18 contiki-sky.a(button-sensor.o)
 .text.value    0x0000000000004ac4       0x20 contiki-sky.a(button-sensor.o)
 .text.configure
                0x0000000000004ae4       0x4c contiki-sky.a(button-sensor.o)
 .text.irq_p2   0x0000000000004b30       0x88 contiki-sky.a(button-sensor.o)
                0x0000000000004b30                irq_p2
                0x0000000000004b30                __isr_1
 .text.owreadb  0x0000000000004bb8       0x50 contiki-sky.a(ds2411.o)
 .text.ds2411_init
                0x0000000000004c08      0x120 contiki-sky.a(ds2411.o)
                0x0000000000004c08                ds2411_init
 .text.wait_ready
                0x0000000000004d28       0x4a contiki-sky.a(xmem.o)
 .text.xmem_init
                0x0000000000004d72       0x3c contiki-sky.a(xmem.o)
                0x0000000000004d72                xmem_init
 .text.xmem_pread
                0x0000000000004dae       0xda contiki-sky.a(xmem.o)
                0x0000000000004dae                xmem_pread
 .text.node_id_restore
                0x0000000000004e88       0x38 contiki-sky.a(node-id.o)
                0x0000000000004e88                node_id_restore
 .text.process_thread_sensors_process
                0x0000000000004ec0       0xc2 contiki-sky.a(sensors.o)
 .text.sensors_changed
                0x0000000000004f82       0x2a contiki-sky.a(sensors.o)
                0x0000000000004f82                sensors_changed
 .text.get_object
                0x0000000000004fac        0x4 contiki-sky.a(cc2420.o)
 .text.set_object
                0x0000000000004fb0        0x4 contiki-sky.a(cc2420.o)
 .text.strobe   0x0000000000004fb4       0x1c contiki-sky.a(cc2420.o)
 .text.getreg   0x0000000000004fd0       0x4c contiki-sky.a(cc2420.o)
 .text.setreg   0x000000000000501c       0x4c contiki-sky.a(cc2420.o)
 .text.write_ram
                0x0000000000005068       0x7c contiki-sky.a(cc2420.o)
 .text.write_fifo_buf
                0x00000000000050e4       0x3c contiki-sky.a(cc2420.o)
 .text.get_status
                0x0000000000005120       0x20 contiki-sky.a(cc2420.o)
 .text.set_txpower
                0x0000000000005140       0x24 contiki-sky.a(cc2420.o)
 .text.cc2420_receiving_packet
                0x0000000000005164        0xc contiki-sky.a(cc2420.o)
 .text.pending_packet
                0x0000000000005170        0x8 contiki-sky.a(cc2420.o)
 .text.on       0x0000000000005178       0x1e contiki-sky.a(cc2420.o)
 .text.wait_for_transmission
                0x0000000000005196       0x22 contiki-sky.a(cc2420.o)
 .text.wait_for_status
                0x00000000000051b8       0x28 contiki-sky.a(cc2420.o)
 .text.getrxdata
                0x00000000000051e0       0x50 contiki-sky.a(cc2420.o)
 .text.flushrx  0x0000000000005230       0x1a contiki-sky.a(cc2420.o)
 .text.off      0x000000000000524a       0x56 contiki-sky.a(cc2420.o)
 .text.RELEASE_LOCK
                0x00000000000052a0       0x28 contiki-sky.a(cc2420.o)
 .text.set_key  0x00000000000052c8       0x18 contiki-sky.a(cc2420.o)
 .text.cc2420_prepare
                0x00000000000052e0       0x3c contiki-sky.a(cc2420.o)
 .text.cc2420_on
                0x000000000000531c       0x22 contiki-sky.a(cc2420.o)
                0x000000000000531c                cc2420_on
 .text.cc2420_off
                0x000000000000533e       0x30 contiki-sky.a(cc2420.o)
                0x000000000000533e                cc2420_off
 .text.cc2420_cca
                0x000000000000536e       0x68 contiki-sky.a(cc2420.o)
 .text.cc2420_read
                0x00000000000053d6       0xac contiki-sky.a(cc2420.o)
 .text.process_thread_cc2420_process
                0x0000000000005482       0x54 contiki-sky.a(cc2420.o)
 .text.encrypt  0x00000000000054d6       0x88 contiki-sky.a(cc2420.o)
 .text.cc2420_set_channel
                0x000000000000555e       0x3c contiki-sky.a(cc2420.o)
                0x000000000000555e                cc2420_set_channel
 .text.cc2420_set_pan_addr
                0x000000000000559a       0x4c contiki-sky.a(cc2420.o)
                0x000000000000559a                cc2420_set_pan_addr
 .text.cc2420_interrupt
                0x00000000000055e6       0x16 contiki-sky.a(cc2420.o)
                0x00000000000055e6                cc2420_interrupt
 .text.cc2420_set_txpower
                0x00000000000055fc        0xe contiki-sky.a(cc2420.o)
                0x00000000000055fc                cc2420_set_txpower
 .text.cc2420_get_txpower
                0x000000000000560a       0x1e contiki-sky.a(cc2420.o)
                0x000000000000560a                cc2420_get_txpower
 .text.cc2420_transmit
                0x0000000000005628      0x12c contiki-sky.a(cc2420.o)
 .text.cc2420_send
                0x0000000000005754       0x12 contiki-sky.a(cc2420.o)
 .text.cc2420_rssi
                0x0000000000005766       0x4c contiki-sky.a(cc2420.o)
                0x0000000000005766                cc2420_rssi
 .text.get_value
                0x00000000000057b2       0xa8 contiki-sky.a(cc2420.o)
 .text.cc2420_set_cca_threshold
                0x000000000000585a       0x16 contiki-sky.a(cc2420.o)
                0x000000000000585a                cc2420_set_cca_threshold
 .text.set_value
                0x0000000000005870       0x86 contiki-sky.a(cc2420.o)
 .text.cc2420_init
                0x00000000000058f6       0xd8 contiki-sky.a(cc2420.o)
                0x00000000000058f6                cc2420_init
 .text.cc2420_port1_interrupt
                0x00000000000059ce       0x62 contiki-sky.a(cc2420-arch.o)
                0x00000000000059ce                __isr_4
                0x00000000000059ce                cc2420_port1_interrupt
 .text.cc2420_arch_init
                0x0000000000005a30       0x1a contiki-sky.a(cc2420-arch.o)
                0x0000000000005a30                cc2420_arch_init
 .text.handle_rxdma_timer
                0x0000000000005a4a       0x3a contiki-sky.a(uart1.o)
 .text.uart1_active
                0x0000000000005a84       0x18 contiki-sky.a(uart1.o)
                0x0000000000005a84                uart1_active
 .text.uart1_set_input
                0x0000000000005a9c       0x20 contiki-sky.a(uart1.o)
                0x0000000000005a9c                uart1_set_input
 .text.uart1_writeb
                0x0000000000005abc       0x18 contiki-sky.a(uart1.o)
                0x0000000000005abc                uart1_writeb
 .text.uart1_init
                0x0000000000005ad4       0xf4 contiki-sky.a(uart1.o)
                0x0000000000005ad4                uart1_init
 .text.slip_arch_writeb
                0x0000000000005bc8        0x6 contiki-sky.a(slip_uart1.o)
                0x0000000000005bc8                slip_arch_writeb
 .text.putchar  0x0000000000005bce       0x3c contiki-sky.a(slip_uart1.o)
                0x0000000000005bce                putchar
 .text.slip_arch_init
                0x0000000000005c0a        0xa contiki-sky.a(slip_uart1.o)
                0x0000000000005c0a                slip_arch_init
 .text.slip_set_input_callback
                0x0000000000005c14        0x6 contiki-sky.a(slip.o)
                0x0000000000005c14                slip_set_input_callback
 .text.slip_send
                0x0000000000005c1a       0x5e contiki-sky.a(slip.o)
                0x0000000000005c1a                slip_send
 .text.slip_write
                0x0000000000005c78       0x5a contiki-sky.a(slip.o)
                0x0000000000005c78                slip_write
 .text.process_thread_slip_process
                0x0000000000005cd2      0x1fc contiki-sky.a(slip.o)
 .text.slip_input_byte
                0x0000000000005ece       0xbc contiki-sky.a(slip.o)
                0x0000000000005ece                slip_input_byte
 .text.msp430_init_dco
                0x0000000000005f8a       0x82 contiki-sky.a(msp430.o)
                0x0000000000005f8a                msp430_init_dco
 .text.msp430_add_lpm_req
                0x000000000000600c        0xc contiki-sky.a(msp430.o)
                0x000000000000600c                msp430_add_lpm_req
 .text.msp430_cpu_init
                0x0000000000006018       0x2a contiki-sky.a(msp430.o)
                0x0000000000006018                msp430_cpu_init
 .text.splhigh_
                0x0000000000006042        0x8 contiki-sky.a(msp430.o)
                0x0000000000006042                splhigh_
 .text.msp430_sync_dco
                0x000000000000604a       0x6c contiki-sky.a(msp430.o)
                0x000000000000604a                msp430_sync_dco
 .text.timera1  0x00000000000060b6      0x11e contiki-sky.a(clock.o)
                0x00000000000060b6                __isr_5
                0x00000000000060b6                timera1
 .text.clock_time
                0x00000000000061d4       0x1a contiki-sky.a(clock.o)
                0x00000000000061d4                clock_time
 .text.clock_init
                0x00000000000061ee       0x28 contiki-sky.a(clock.o)
                0x00000000000061ee                clock_init
 .text.clock_delay
                0x0000000000006216        0xc contiki-sky.a(clock.o)
                0x0000000000006216                clock_delay
 .text.show_leds
                0x0000000000006222       0xf0 contiki-sky.a(leds.o)
 .text.leds_init
                0x0000000000006312        0xa contiki-sky.a(leds.o)
                0x0000000000006312                leds_init
 .text.leds_on  0x000000000000631c        0xa contiki-sky.a(leds.o)
                0x000000000000631c                leds_on
 .text.leds_off
                0x0000000000006326        0xe contiki-sky.a(leds.o)
                0x0000000000006326                leds_off
 .text.leds_arch_init
                0x0000000000006334        0xe contiki-sky.a(leds-arch.o)
                0x0000000000006334                leds_arch_init
 .text.leds_arch_set
                0x0000000000006342       0x38 contiki-sky.a(leds-arch.o)
                0x0000000000006342                leds_arch_set
 .text.watchdog_interrupt
                0x000000000000637a        0x6 contiki-sky.a(watchdog.o)
                0x000000000000637a                __isr_10
                0x000000000000637a                watchdog_interrupt
 .text.watchdog_start
                0x0000000000006380       0x14 contiki-sky.a(watchdog.o)
                0x0000000000006380                watchdog_start
 .text.watchdog_periodic
                0x0000000000006394       0x12 contiki-sky.a(watchdog.o)
                0x0000000000006394                watchdog_periodic
 .text.watchdog_stop
                0x00000000000063a6       0x16 contiki-sky.a(watchdog.o)
                0x00000000000063a6                watchdog_stop
 .text.watchdog_init
                0x00000000000063bc       0x12 contiki-sky.a(watchdog.o)
                0x00000000000063bc                watchdog_init
 .text.rtimer_arch_init
                0x00000000000063ce        0xe contiki-sky.a(rtimer-arch.o)
                0x00000000000063ce                rtimer_arch_init
 .text.rtimer_arch_now
                0x00000000000063dc        0xe contiki-sky.a(rtimer-arch.o)
                0x00000000000063dc                rtimer_arch_now
 .text.timera0  0x00000000000063ea       0x70 contiki-sky.a(rtimer-arch.o)
                0x00000000000063ea                __isr_6
                0x00000000000063ea                timera0
 .text.rtimer_arch_schedule
                0x000000000000645a        0x6 contiki-sky.a(rtimer-arch.o)
                0x000000000000645a                rtimer_arch_schedule
 .text.autostart_start
                0x0000000000006460       0x16 contiki-sky.a(autostart.o)
                0x0000000000006460                autostart_start
 .text.process_thread_ctimer_process
                0x0000000000006476       0xa8 contiki-sky.a(ctimer.o)
 .text.ctimer_init
                0x000000000000651e       0x18 contiki-sky.a(ctimer.o)
                0x000000000000651e                ctimer_init
 .text.ctimer_set
                0x0000000000006536       0x50 contiki-sky.a(ctimer.o)
                0x0000000000006536                ctimer_set
 .text.ctimer_reset
                0x0000000000006586       0x30 contiki-sky.a(ctimer.o)
                0x0000000000006586                ctimer_reset
 .text.ctimer_stop
                0x00000000000065b6       0x28 contiki-sky.a(ctimer.o)
                0x00000000000065b6                ctimer_stop
 .text.energest_init
                0x00000000000065de       0x26 contiki-sky.a(energest.o)
                0x00000000000065de                energest_init
 .text.energest_type_time
                0x0000000000006604       0x48 contiki-sky.a(energest.o)
                0x0000000000006604                energest_type_time
 .text.energest_type_set
                0x000000000000664c        0xe contiki-sky.a(energest.o)
                0x000000000000664c                energest_type_set
 .text.energest_flush
                0x000000000000665a       0x48 contiki-sky.a(energest.o)
                0x000000000000665a                energest_flush
 .text.update_time
                0x00000000000066a2       0x78 contiki-sky.a(etimer.o)
 .text.etimer_request_poll
                0x000000000000671a        0xa contiki-sky.a(etimer.o)
                0x000000000000671a                etimer_request_poll
 .text.process_thread_etimer_process
                0x0000000000006724       0xcc contiki-sky.a(etimer.o)
 .text.add_timer
                0x00000000000067f0       0x40 contiki-sky.a(etimer.o)
 .text.etimer_set
                0x0000000000006830       0x12 contiki-sky.a(etimer.o)
                0x0000000000006830                etimer_set
 .text.etimer_reset
                0x0000000000006842       0x12 contiki-sky.a(etimer.o)
                0x0000000000006842                etimer_reset
 .text.etimer_restart
                0x0000000000006854       0x12 contiki-sky.a(etimer.o)
                0x0000000000006854                etimer_restart
 .text.etimer_expired
                0x0000000000006866        0xe contiki-sky.a(etimer.o)
                0x0000000000006866                etimer_expired
 .text.etimer_pending
                0x0000000000006874        0xc contiki-sky.a(etimer.o)
                0x0000000000006874                etimer_pending
 .text.etimer_next_expiration_time
                0x0000000000006880       0x16 contiki-sky.a(etimer.o)
                0x0000000000006880                etimer_next_expiration_time
 .text.etimer_stop
                0x0000000000006896       0x3e contiki-sky.a(etimer.o)
                0x0000000000006896                etimer_stop
 .text.call_process
                0x00000000000068d4       0x46 contiki-sky.a(process.o)
 .text.exit_process
                0x000000000000691a       0x96 contiki-sky.a(process.o)
 .text.do_poll  0x00000000000069b0       0x30 contiki-sky.a(process.o)
 .text.process_alloc_event
                0x00000000000069e0        0xe contiki-sky.a(process.o)
                0x00000000000069e0                process_alloc_event
 .text.process_init
                0x00000000000069ee       0x1c contiki-sky.a(process.o)
                0x00000000000069ee                process_init
 .text.process_run
                0x0000000000006a0a       0xa2 contiki-sky.a(process.o)
                0x0000000000006a0a                process_run
 .text.process_nevents
                0x0000000000006aac        0xe contiki-sky.a(process.o)
                0x0000000000006aac                process_nevents
 .text.process_post
                0x0000000000006aba       0x54 contiki-sky.a(process.o)
                0x0000000000006aba                process_post
 .text.process_post_synch
                0x0000000000006b0e       0x12 contiki-sky.a(process.o)
                0x0000000000006b0e                process_post_synch
 .text.process_start
                0x0000000000006b20       0x36 contiki-sky.a(process.o)
                0x0000000000006b20                process_start
 .text.process_poll
                0x0000000000006b56       0x18 contiki-sky.a(process.o)
                0x0000000000006b56                process_poll
 .text.rtimer_init
                0x0000000000006b6e        0x6 contiki-sky.a(rtimer.o)
                0x0000000000006b6e                rtimer_init
 .text.rtimer_set
                0x0000000000006b74       0x24 contiki-sky.a(rtimer.o)
                0x0000000000006b74                rtimer_set
 .text.rtimer_run_next
                0x0000000000006b98       0x26 contiki-sky.a(rtimer.o)
                0x0000000000006b98                rtimer_run_next
 .text.timer_set
                0x0000000000006bbe       0x1c contiki-sky.a(timer.o)
                0x0000000000006bbe                timer_set
 .text.timer_reset
                0x0000000000006bda        0xe contiki-sky.a(timer.o)
                0x0000000000006bda                timer_reset
 .text.timer_restart
                0x0000000000006be8       0x14 contiki-sky.a(timer.o)
                0x0000000000006be8                timer_restart
 .text.timer_expired
                0x0000000000006bfc       0x2a contiki-sky.a(timer.o)
                0x0000000000006bfc                timer_expired
 .text.list_init
                0x0000000000006c26        0x6 contiki-sky.a(list.o)
                0x0000000000006c26                list_init
 .text.list_head
                0x0000000000006c2c        0x4 contiki-sky.a(list.o)
                0x0000000000006c2c                list_head
 .text.list_tail
                0x0000000000006c30       0x12 contiki-sky.a(list.o)
                0x0000000000006c30                list_tail
 .text.list_chop
                0x0000000000006c42       0x1a contiki-sky.a(list.o)
                0x0000000000006c42                list_chop
 .text.list_remove
                0x0000000000006c5c       0x34 contiki-sky.a(list.o)
                0x0000000000006c5c                list_remove
 .text.list_push
                0x0000000000006c90       0x1a contiki-sky.a(list.o)
                0x0000000000006c90                list_push
 .text.list_add
                0x0000000000006caa       0x2a contiki-sky.a(list.o)
                0x0000000000006caa                list_add
 .text.list_length
                0x0000000000006cd4       0x10 contiki-sky.a(list.o)
                0x0000000000006cd4                list_length
 .text.list_item_next
                0x0000000000006ce4        0xc contiki-sky.a(list.o)
                0x0000000000006ce4                list_item_next
 .text.random_init
                0x0000000000006cf0        0x6 contiki-sky.a(random.o)
                0x0000000000006cf0                random_init
 .text.random_rand
                0x0000000000006cf6        0x6 contiki-sky.a(random.o)
                0x0000000000006cf6                random_rand
 .text.chksum   0x0000000000006cfc       0x32 contiki-sky.a(uip.o)
 .text.upper_layer_chksum
                0x0000000000006d2e       0x42 contiki-sky.a(uip.o)
 .text.uip_add32
                0x0000000000006d70       0x68 contiki-sky.a(uip.o)
                0x0000000000006d70                uip_add32
 .text.uip_add_rcv_nxt
                0x0000000000006dd8       0x2c contiki-sky.a(uip.o)
 .text.uip_chksum
                0x0000000000006e04       0x18 contiki-sky.a(uip.o)
                0x0000000000006e04                uip_chksum
 .text.uip_tcpchksum
                0x0000000000006e1c        0xa contiki-sky.a(uip.o)
                0x0000000000006e1c                uip_tcpchksum
 .text.uip_udpchksum
                0x0000000000006e26        0xa contiki-sky.a(uip.o)
                0x0000000000006e26                uip_udpchksum
 .text.uip_init
                0x0000000000006e30       0x50 contiki-sky.a(uip.o)
                0x0000000000006e30                uip_init
 .text.uip_unlisten
                0x0000000000006e80       0x2a contiki-sky.a(uip.o)
                0x0000000000006e80                uip_unlisten
 .text.uip_process
                0x0000000000006eaa      0xc7e contiki-sky.a(uip.o)
                0x0000000000006eaa                uip_process
 .text.uip_htons
                0x0000000000007b28        0xc contiki-sky.a(uip.o)
                0x0000000000007b28                uip_htons
 .text.uip_fw_output
                0x0000000000007b34       0xf4 contiki-sky.a(uip-fw.o)
                0x0000000000007b34                uip_fw_output
 .text.uip_fw_forward
                0x0000000000007c28      0x15e contiki-sky.a(uip-fw.o)
                0x0000000000007c28                uip_fw_forward
 .text.uip_fw_default
                0x0000000000007d86        0x6 contiki-sky.a(uip-fw.o)
                0x0000000000007d86                uip_fw_default
 .text.uip_fw_periodic
                0x0000000000007d8c       0x1c contiki-sky.a(uip-fw.o)
                0x0000000000007d8c                uip_fw_periodic
 .text.process_thread_uip_fw_process
                0x0000000000007da8       0x3c contiki-sky.a(uip-fw-drv.o)
 .text.timedout
                0x0000000000007de4       0x12 contiki-sky.a(uip-over-mesh.o)
 .text.recv_data
                0x0000000000007df6       0x72 contiki-sky.a(uip-over-mesh.o)
 .text.new_route
                0x0000000000007e68       0x36 contiki-sky.a(uip-over-mesh.o)
 .text.uip_over_mesh_init
                0x0000000000007e9e       0x54 contiki-sky.a(uip-over-mesh.o)
                0x0000000000007e9e                uip_over_mesh_init
 .text.uip_over_mesh_send
                0x0000000000007ef2       0xe8 contiki-sky.a(uip-over-mesh.o)
                0x0000000000007ef2                uip_over_mesh_send
 .text.uip_over_mesh_set_gateway_netif
                0x0000000000007fda        0x6 contiki-sky.a(uip-over-mesh.o)
                0x0000000000007fda                uip_over_mesh_set_gateway_netif
 .text.uip_over_mesh_set_gateway
                0x0000000000007fe0        0xc contiki-sky.a(uip-over-mesh.o)
                0x0000000000007fe0                uip_over_mesh_set_gateway
 .text.gateway_announce_recv
                0x0000000000007fec       0x10 contiki-sky.a(uip-over-mesh.o)
 .text.uip_over_mesh_make_announced_gateway
                0x0000000000007ffc       0x32 contiki-sky.a(uip-over-mesh.o)
                0x0000000000007ffc                uip_over_mesh_make_announced_gateway
 .text.uip_over_mesh_set_net
                0x000000000000802e       0x16 contiki-sky.a(uip-over-mesh.o)
                0x000000000000802e                uip_over_mesh_set_net
 .text.start_periodic_tcp_timer
                0x0000000000008044       0x16 contiki-sky.a(tcpip.o)
 .text.tcpip_output
                0x000000000000805a       0x10 contiki-sky.a(tcpip.o)
                0x000000000000805a                tcpip_output
 .text.process_thread_tcpip_process
                0x000000000000806a      0x1ce contiki-sky.a(tcpip.o)
 .text.tcpip_set_outputfunc
                0x0000000000008238        0x6 contiki-sky.a(tcpip.o)
                0x0000000000008238                tcpip_set_outputfunc
 .text.tcpip_input
                0x000000000000823e       0x12 contiki-sky.a(tcpip.o)
                0x000000000000823e                tcpip_input
 .text.tcpip_uipcall
                0x0000000000008250       0x70 contiki-sky.a(tcpip.o)
                0x0000000000008250                tcpip_uipcall
 .text.sent_by_abc
                0x00000000000082c0       0x10 contiki-sky.a(broadcast.o)
 .text.recv_from_abc
                0x00000000000082d0       0x26 contiki-sky.a(broadcast.o)
 .text.broadcast_open
                0x00000000000082f6       0x2a contiki-sky.a(broadcast.o)
                0x00000000000082f6                broadcast_open
 .text.broadcast_close
                0x0000000000008320        0x6 contiki-sky.a(broadcast.o)
                0x0000000000008320                broadcast_close
 .text.broadcast_send
                0x0000000000008326       0x1a contiki-sky.a(broadcast.o)
                0x0000000000008326                broadcast_send
 .text.channel_init
                0x0000000000008340        0xa contiki-sky.a(channel.o)
                0x0000000000008340                channel_init
 .text.channel_open
                0x000000000000834a       0x10 contiki-sky.a(channel.o)
                0x000000000000834a                channel_open
 .text.channel_close
                0x000000000000835a        0xc contiki-sky.a(channel.o)
                0x000000000000835a                channel_close
 .text.channel_lookup
                0x0000000000008366       0x20 contiki-sky.a(channel.o)
                0x0000000000008366                channel_lookup
 .text.channel_set_attributes
                0x0000000000008386       0x24 contiki-sky.a(channel.o)
                0x0000000000008386                channel_set_attributes
 .text.input    0x00000000000083aa       0x3a contiki-sky.a(rime.o)
 .text.init     0x00000000000083e4       0x2e contiki-sky.a(rime.o)
 .text.packet_sent
                0x0000000000008412       0x44 contiki-sky.a(rime.o)
 .text.rime_output
                0x0000000000008456       0x24 contiki-sky.a(rime.o)
                0x0000000000008456                rime_output
 .text.periodic
                0x000000000000847a       0x58 contiki-sky.a(route.o)
 .text.route_init
                0x00000000000084d2       0x28 contiki-sky.a(route.o)
                0x00000000000084d2                route_init
 .text.route_lookup
                0x00000000000084fa       0x4c contiki-sky.a(route.o)
                0x00000000000084fa                route_lookup
 .text.route_add
                0x0000000000008546       0x88 contiki-sky.a(route.o)
                0x0000000000008546                route_add
 .text.route_refresh
                0x00000000000085ce        0xe contiki-sky.a(route.o)
                0x00000000000085ce                route_refresh
 .text.route_remove
                0x00000000000085dc       0x1c contiki-sky.a(route.o)
                0x00000000000085dc                route_remove
 .text.route_decay
                0x00000000000085f8       0x22 contiki-sky.a(route.o)
                0x00000000000085f8                route_decay
 .text.route_set_lifetime
                0x000000000000861a        0x6 contiki-sky.a(route.o)
                0x000000000000861a                route_set_lifetime
 .text.timeout_handler
                0x0000000000008620       0x14 contiki-sky.a(route-discovery)
 .text.rreq_packet_received
                0x0000000000008634       0xca contiki-sky.a(route-discovery)
 .text.rrep_packet_received
                0x00000000000086fe       0x9a contiki-sky.a(route-discovery)
 .text.route_discovery_open
                0x0000000000008798       0x30 contiki-sky.a(route-discovery)
                0x0000000000008798                route_discovery_open
 .text.route_discovery_discover
                0x00000000000087c8       0x6e contiki-sky.a(route-discovery)
                0x00000000000087c8                route_discovery_discover
 .text.send     0x0000000000008836       0x1a contiki-sky.a(trickle.o)
 .text.run_trickle
                0x0000000000008850       0xc4 contiki-sky.a(trickle.o)
 .text.recv     0x0000000000008914       0x86 contiki-sky.a(trickle.o)
 .text.timer_callback
                0x000000000000899a        0x6 contiki-sky.a(trickle.o)
 .text.trickle_open
                0x00000000000089a0       0x44 contiki-sky.a(trickle.o)
                0x00000000000089a0                trickle_open
 .text.trickle_send
                0x00000000000089e4       0x3e contiki-sky.a(trickle.o)
                0x00000000000089e4                trickle_send
 .text.sent_by_broadcast
                0x0000000000008a22       0x10 contiki-sky.a(unicast.o)
 .text.recv_from_broadcast
                0x0000000000008a32       0x2e contiki-sky.a(unicast.o)
 .text.unicast_open
                0x0000000000008a60       0x2a contiki-sky.a(unicast.o)
                0x0000000000008a60                unicast_open
 .text.unicast_close
                0x0000000000008a8a        0x6 contiki-sky.a(unicast.o)
                0x0000000000008a8a                unicast_close
 .text.unicast_send
                0x0000000000008a90       0x16 contiki-sky.a(unicast.o)
                0x0000000000008a90                unicast_send
 .text.input_packet
                0x0000000000008aa6        0x6 contiki-sky.a(csma.o)
 .text.on       0x0000000000008aac        0x6 contiki-sky.a(csma.o)
 .text.off      0x0000000000008ab2        0x6 contiki-sky.a(csma.o)
 .text.channel_check_interval
                0x0000000000008ab8       0x10 contiki-sky.a(csma.o)
 .text.transmit_packet_list
                0x0000000000008ac8       0x24 contiki-sky.a(csma.o)
 .text.init     0x0000000000008aec       0x1a contiki-sky.a(csma.o)
 .text.send_packet
                0x0000000000008b06      0x184 contiki-sky.a(csma.o)
 .text.free_packet
                0x0000000000008c8a       0x98 contiki-sky.a(csma.o)
 .text.packet_sent
                0x0000000000008d22      0x130 contiki-sky.a(csma.o)
 .text.mac_call_sent_callback
                0x0000000000008e52       0x14 contiki-sky.a(mac.o)
                0x0000000000008e52                mac_call_sent_callback
 .text.linkaddr_copy
                0x0000000000008e66        0xc contiki-sky.a(linkaddr.o)
                0x0000000000008e66                linkaddr_copy
 .text.linkaddr_cmp
                0x0000000000008e72       0x12 contiki-sky.a(linkaddr.o)
                0x0000000000008e72                linkaddr_cmp
 .text.linkaddr_set_node_addr
                0x0000000000008e84        0xc contiki-sky.a(linkaddr.o)
                0x0000000000008e84                linkaddr_set_node_addr
 .text.packetbuf_compact
                0x0000000000008e90       0x2e contiki-sky.a(packetbuf.o)
                0x0000000000008e90                packetbuf_compact
 .text.packetbuf_copyto
                0x0000000000008ebe       0x52 contiki-sky.a(packetbuf.o)
                0x0000000000008ebe                packetbuf_copyto
 .text.packetbuf_hdrreduce
                0x0000000000008f10       0x1a contiki-sky.a(packetbuf.o)
                0x0000000000008f10                packetbuf_hdrreduce
 .text.packetbuf_set_datalen
                0x0000000000008f2a        0x6 contiki-sky.a(packetbuf.o)
                0x0000000000008f2a                packetbuf_set_datalen
 .text.packetbuf_dataptr
                0x0000000000008f30        0xe contiki-sky.a(packetbuf.o)
                0x0000000000008f30                packetbuf_dataptr
 .text.packetbuf_hdrptr
                0x0000000000008f3e        0xa contiki-sky.a(packetbuf.o)
                0x0000000000008f3e                packetbuf_hdrptr
 .text.packetbuf_datalen
                0x0000000000008f48        0x6 contiki-sky.a(packetbuf.o)
                0x0000000000008f48                packetbuf_datalen
 .text.packetbuf_hdrlen
                0x0000000000008f4e       0x10 contiki-sky.a(packetbuf.o)
                0x0000000000008f4e                packetbuf_hdrlen
 .text.packetbuf_totlen
                0x0000000000008f5e        0xc contiki-sky.a(packetbuf.o)
                0x0000000000008f5e                packetbuf_totlen
 .text.packetbuf_hdralloc
                0x0000000000008f6a       0x2e contiki-sky.a(packetbuf.o)
                0x0000000000008f6a                packetbuf_hdralloc
 .text.packetbuf_attr_clear
                0x0000000000008f98       0x2c contiki-sky.a(packetbuf.o)
                0x0000000000008f98                packetbuf_attr_clear
 .text.packetbuf_clear
                0x0000000000008fc4       0x1a contiki-sky.a(packetbuf.o)
                0x0000000000008fc4                packetbuf_clear
 .text.packetbuf_copyfrom
                0x0000000000008fde       0x2e contiki-sky.a(packetbuf.o)
                0x0000000000008fde                packetbuf_copyfrom
 .text.packetbuf_attr_copyto
                0x000000000000900c       0x20 contiki-sky.a(packetbuf.o)
                0x000000000000900c                packetbuf_attr_copyto
 .text.packetbuf_attr_copyfrom
                0x000000000000902c       0x22 contiki-sky.a(packetbuf.o)
                0x000000000000902c                packetbuf_attr_copyfrom
 .text.packetbuf_holds_broadcast
                0x000000000000904e        0xe contiki-sky.a(packetbuf.o)
                0x000000000000904e                packetbuf_holds_broadcast
 .text.queuebuf_init
                0x000000000000905c       0x12 contiki-sky.a(queuebuf.o)
                0x000000000000905c                queuebuf_init
 .text.queuebuf_new_from_packetbuf
                0x000000000000906e       0x52 contiki-sky.a(queuebuf.o)
                0x000000000000906e                queuebuf_new_from_packetbuf
 .text.queuebuf_update_attr_from_packetbuf
                0x00000000000090c0       0x12 contiki-sky.a(queuebuf.o)
                0x00000000000090c0                queuebuf_update_attr_from_packetbuf
 .text.queuebuf_update_from_packetbuf
                0x00000000000090d2       0x22 contiki-sky.a(queuebuf.o)
                0x00000000000090d2                queuebuf_update_from_packetbuf
 .text.queuebuf_free
                0x00000000000090f4       0x2a contiki-sky.a(queuebuf.o)
                0x00000000000090f4                queuebuf_free
 .text.queuebuf_to_packetbuf
                0x000000000000911e       0x32 contiki-sky.a(queuebuf.o)
                0x000000000000911e                queuebuf_to_packetbuf
 .text.queuebuf_dataptr
                0x0000000000009150       0x1c contiki-sky.a(queuebuf.o)
                0x0000000000009150                queuebuf_dataptr
 .text.queuebuf_datalen
                0x000000000000916c        0x8 contiki-sky.a(queuebuf.o)
                0x000000000000916c                queuebuf_datalen
 .text.queuebuf_attr
                0x0000000000009174        0xe contiki-sky.a(queuebuf.o)
                0x0000000000009174                queuebuf_attr
 .text.duty_cycle
                0x0000000000009182        0x6 contiki-sky.a(contikimac.o)
 .text.init     0x0000000000009188       0x2a contiki-sky.a(contikimac.o)
 .text.on       0x00000000000091b2       0x1a contiki-sky.a(contikimac.o)
 .text.off      0x00000000000091cc       0x22 contiki-sky.a(contikimac.o)
 .text.recv_burst_off
                0x00000000000091ee        0xa contiki-sky.a(contikimac.o)
 .text.turn_off
                0x00000000000091f8       0x20 contiki-sky.a(contikimac.o)
 .text.turn_on  0x0000000000009218       0x30 contiki-sky.a(contikimac.o)
 .text.schedule_powercycle_fixed.part.4
                0x0000000000009248       0x34 contiki-sky.a(contikimac.o)
 .text.powercycle_turn_radio_off
                0x000000000000927c       0x30 contiki-sky.a(contikimac.o)
 .text.input_packet
                0x00000000000092ac       0xb6 contiki-sky.a(contikimac.o)
 .text.send_packet.isra.7
                0x0000000000009362      0x20c contiki-sky.a(contikimac.o)
 .text.qsend_list
                0x000000000000956e       0xc4 contiki-sky.a(contikimac.o)
 .text.qsend_packet
                0x0000000000009632       0x28 contiki-sky.a(contikimac.o)
 .text.powercycle
                0x000000000000965a      0x1d6 contiki-sky.a(contikimac.o)
 .text.hdr_length
                0x0000000000009830        0x8 contiki-sky.a(contikimac-fram)
 .text.parse    0x0000000000009838       0x3e contiki-sky.a(contikimac-fram)
 .text.create   0x0000000000009876       0x26 contiki-sky.a(contikimac-fram)
 .text.create_and_secure
                0x000000000000989c       0x6a contiki-sky.a(contikimac-fram)
 .text.bootstrap
                0x0000000000009906        0x4 contiki-sky.a(nullsec.o)
 .text.send     0x000000000000990a        0xa contiki-sky.a(nullsec.o)
 .text.on_frame_created
                0x0000000000009914        0x4 contiki-sky.a(nullsec.o)
 .text.input    0x0000000000009918        0x6 contiki-sky.a(nullsec.o)
 .text.get_overhead
                0x000000000000991e        0x4 contiki-sky.a(nullsec.o)
 .text.spi_init
                0x0000000000009922       0x30 contiki-sky.a(spi.o)
                0x0000000000009922                spi_init
 .text.uip_ipchksum
                0x0000000000009952       0x32 contiki-sky.a(uip-ipchksum.o)
                0x0000000000009952                uip_ipchksum
 .text.compower_accumulate
                0x0000000000009984       0x72 contiki-sky.a(compower.o)
                0x0000000000009984                compower_accumulate
 .text.compower_clear
                0x00000000000099f6       0x12 contiki-sky.a(compower.o)
                0x00000000000099f6                compower_clear
 .text.compower_attrconv
                0x0000000000009a08       0x10 contiki-sky.a(compower.o)
                0x0000000000009a08                compower_attrconv
 .text.memb_init
                0x0000000000009a18       0x36 contiki-sky.a(memb.o)
                0x0000000000009a18                memb_init
 .text.memb_alloc
                0x0000000000009a4e       0x3e contiki-sky.a(memb.o)
                0x0000000000009a4e                memb_alloc
 .text.memb_free
                0x0000000000009a8c       0x3a contiki-sky.a(memb.o)
                0x0000000000009a8c                memb_free
 .text.memb_inmemb
                0x0000000000009ac6       0x2a contiki-sky.a(memb.o)
                0x0000000000009ac6                memb_inmemb
 .text.abc_open
                0x0000000000009af0       0x26 contiki-sky.a(abc.o)
                0x0000000000009af0                abc_open
 .text.abc_close
                0x0000000000009b16        0x6 contiki-sky.a(abc.o)
                0x0000000000009b16                abc_close
 .text.abc_send
                0x0000000000009b1c        0x6 contiki-sky.a(abc.o)
                0x0000000000009b1c                abc_send
 .text.abc_input
                0x0000000000009b22        0xe contiki-sky.a(abc.o)
                0x0000000000009b22                abc_input
 .text.abc_sent
                0x0000000000009b30       0x10 contiki-sky.a(abc.o)
                0x0000000000009b30                abc_sent
 .text.announcement_init
                0x0000000000009b40        0xa contiki-sky.a(announcement.o)
                0x0000000000009b40                announcement_init
 .text.announcement_register_observer_callback
                0x0000000000009b4a        0x6 contiki-sky.a(announcement.o)
                0x0000000000009b4a                announcement_register_observer_callback
 .text.announcement_list
                0x0000000000009b50        0xa contiki-sky.a(announcement.o)
                0x0000000000009b50                announcement_list
 .text.announcement_heard
                0x0000000000009b5a       0x42 contiki-sky.a(announcement.o)
                0x0000000000009b5a                announcement_heard
 .text.adv_packet_sent
                0x0000000000009b9c        0x2 contiki-sky.a(broadcast-annou)
 .text.adv_packet_received
                0x0000000000009b9e       0x64 contiki-sky.a(broadcast-annou)
 .text.set_timers
                0x0000000000009c02       0x4a contiki-sky.a(broadcast-annou)
 .text.send_timer
                0x0000000000009c4c       0x32 contiki-sky.a(broadcast-annou)
 .text.send_adv
                0x0000000000009c7e       0x66 contiki-sky.a(broadcast-annou)
 .text.new_announcement
                0x0000000000009ce4       0x18 contiki-sky.a(broadcast-annou)
 .text.broadcast_announcement_init
                0x0000000000009cfc       0x48 contiki-sky.a(broadcast-annou)
                0x0000000000009cfc                broadcast_announcement_init
 .text.chameleon_init
                0x0000000000009d44        0x6 contiki-sky.a(chameleon.o)
                0x0000000000009d44                chameleon_init
 .text.chameleon_parse
                0x0000000000009d4a       0x10 contiki-sky.a(chameleon.o)
                0x0000000000009d4a                chameleon_parse
 .text.chameleon_create
                0x0000000000009d5a       0x1c contiki-sky.a(chameleon.o)
                0x0000000000009d5a                chameleon_create
 .text.chameleon_hdrsize
                0x0000000000009d76        0x6 contiki-sky.a(chameleon.o)
                0x0000000000009d76                chameleon_hdrsize
 .text.sent     0x0000000000009d7c       0x10 contiki-sky.a(netflood.o)
 .text.dropped  0x0000000000009d8c       0x10 contiki-sky.a(netflood.o)
 .text.recv_from_ipolite
                0x0000000000009d9c       0xee contiki-sky.a(netflood.o)
 .text.netflood_open
                0x0000000000009e8a       0x2e contiki-sky.a(netflood.o)
                0x0000000000009e8a                netflood_open
 .text.netflood_send
                0x0000000000009eb8       0x62 contiki-sky.a(netflood.o)
                0x0000000000009eb8                netflood_send
 .text.create_frame.isra.0
                0x0000000000009f1a      0x104 contiki-sky.a(framer-802154.o)
 .text.create   0x000000000000a01e        0x8 contiki-sky.a(framer-802154.o)
 .text.hdr_length
                0x000000000000a026        0x8 contiki-sky.a(framer-802154.o)
 .text.parse    0x000000000000a02e       0xa4 contiki-sky.a(framer-802154.o)
 .text.framer_canonical_create_and_secure
                0x000000000000a0d2       0x20 contiki-sky.a(framer.o)
                0x000000000000a0d2                framer_canonical_create_and_secure
 .text.mac_sequence_is_duplicate
                0x000000000000a0f2       0x3c contiki-sky.a(mac-sequence.o)
                0x000000000000a0f2                mac_sequence_is_duplicate
 .text.mac_sequence_register_seqno
                0x000000000000a12e       0x5c contiki-sky.a(mac-sequence.o)
                0x000000000000a12e                mac_sequence_register_seqno
 .text.header_size
                0x000000000000a18a       0x16 contiki-sky.a(chameleon-bitop)
 .text.get_bits_in_byte
                0x000000000000a1a0       0x3a contiki-sky.a(chameleon-bitop)
                0x000000000000a1a0                get_bits_in_byte
 .text.get_bits
                0x000000000000a1da       0xa2 contiki-sky.a(chameleon-bitop)
                0x000000000000a1da                get_bits
 .text.unpack_header
                0x000000000000a27c       0xd2 contiki-sky.a(chameleon-bitop)
 .text.set_bits_in_byte
                0x000000000000a34e       0x2c contiki-sky.a(chameleon-bitop)
                0x000000000000a34e                set_bits_in_byte
 .text.set_bits
                0x000000000000a37a       0xc8 contiki-sky.a(chameleon-bitop)
                0x000000000000a37a                set_bits
 .text.pack_header
                0x000000000000a442       0xbe contiki-sky.a(chameleon-bitop)
 .text.sent     0x000000000000a500        0x2 contiki-sky.a(ipolite.o)
 .text.send     0x000000000000a502       0x36 contiki-sky.a(ipolite.o)
 .text.recv     0x000000000000a538       0xa6 contiki-sky.a(ipolite.o)
 .text.ipolite_open
                0x000000000000a5de       0x24 contiki-sky.a(ipolite.o)
                0x000000000000a5de                ipolite_open
 .text.ipolite_send
                0x000000000000a602       0xaa contiki-sky.a(ipolite.o)
                0x000000000000a602                ipolite_send
 .text.field_len
                0x000000000000a6ac       0x90 contiki-sky.a(frame802154.o)
 .text.frame802154_hdrlen
                0x000000000000a73c       0x2e contiki-sky.a(frame802154.o)
                0x000000000000a73c                frame802154_hdrlen
 .text.frame802154_create
                0x000000000000a76a      0x146 contiki-sky.a(frame802154.o)
                0x000000000000a76a                frame802154_create
 .text.frame802154_parse
                0x000000000000a8b0      0x1ba contiki-sky.a(frame802154.o)
                0x000000000000a8b0                frame802154_parse
 .text.libgcc   0x000000000000aa6a       0x2c /home/harishnr/NES/mspgcc-4.7.3/bin/../lib/gcc/msp430/4.7.3/mmpy-16/libgcc.a(_mulsi3.o)
                0x000000000000aa6a                __mulsi3
 .text.libgcc   0x000000000000aa96       0x40 /home/harishnr/NES/mspgcc-4.7.3/bin/../lib/gcc/msp430/4.7.3/mmpy-16/libgcc.a(_udivmod32.o)
                0x000000000000aa96                __udivsi3
                0x000000000000aa96                __ext_udivmod32
                0x000000000000aacc                __umodsi3
 .text.printf   0x000000000000aad6       0x10 /home/harishnr/NES/mspgcc-4.7.3/bin/../lib/gcc/msp430/4.7.3/../../../../msp430/lib/mmpy-16/libc.a(printf.o)
                0x000000000000aad6                printf
 .text.print_field
                0x000000000000aae6      0x194 /home/harishnr/NES/mspgcc-4.7.3/bin/../lib/gcc/msp430/4.7.3/../../../../msp430/lib/mmpy-16/libc.a(vuprintf.o)
 .text.vuprintf
                0x000000000000ac7a      0x63e /home/harishnr/NES/mspgcc-4.7.3/bin/../lib/gcc/msp430/4.7.3/../../../../msp430/lib/mmpy-16/libc.a(vuprintf.o)
                0x000000000000ac7a                vuprintf
 .text.puts     0x000000000000b2b8       0x2c /home/harishnr/NES/mspgcc-4.7.3/bin/../lib/gcc/msp430/4.7.3/../../../../msp430/lib/mmpy-16/libc.a(puts.o)
                0x000000000000b2b8                puts
 .text.rand     0x000000000000b2e4       0x26 /home/harishnr/NES/mspgcc-4.7.3/bin/../lib/gcc/msp430/4.7.3/../../../../msp430/lib/mmpy-16/libc.a(rand.o)
                0x000000000000b2e4                rand
 .text.srand    0x000000000000b30a        0xa /home/harishnr/NES/mspgcc-4.7.3/bin/../lib/gcc/msp430/4.7.3/../../../../msp430/lib/mmpy-16/libc.a(rand.o)
                0x000000000000b30a                srand
 .text.strncmp  0x000000000000b314       0x2a /home/harishnr/NES/mspgcc-4.7.3/bin/../lib/gcc/msp430/4.7.3/../../../../msp430/lib/mmpy-16/libc.a(strncmp.o)
                0x000000000000b314                strncmp
 .text.memcmp   0x000000000000b33e       0x30 /home/harishnr/NES/mspgcc-4.7.3/bin/../lib/gcc/msp430/4.7.3/../../../../msp430/lib/mmpy-16/libc.a(memcmp.o)
                0x000000000000b33e                memcmp
 .text.strcpy   0x000000000000b36e       0x14 /home/harishnr/NES/mspgcc-4.7.3/bin/../lib/gcc/msp430/4.7.3/../../../../msp430/lib/mmpy-16/libc.a(strcpy.o)
                0x000000000000b36e                strcpy
 .text.memcpy   0x000000000000b382       0xfa /home/harishnr/NES/mspgcc-4.7.3/bin/../lib/gcc/msp430/4.7.3/../../../../msp430/lib/mmpy-16/libc.a(memcpy.o)
                0x000000000000b382                memcpy
 .text.memset   0x000000000000b47c       0x6a /home/harishnr/NES/mspgcc-4.7.3/bin/../lib/gcc/msp430/4.7.3/../../../../msp430/lib/mmpy-16/libc.a(memset.o)
                0x000000000000b47c                memset
 .text.libgcc   0x000000000000b4e6       0x22 /home/harishnr/NES/mspgcc-4.7.3/bin/../lib/gcc/msp430/4.7.3/mmpy-16/libgcc.a(_udivmod16.o)
                0x000000000000b4e6                __udivhi3
                0x000000000000b4e6                __ext_udivmod16
                0x000000000000b500                __umodhi3
 .text.libgcc   0x000000000000b508       0xf0 /home/harishnr/NES/mspgcc-4.7.3/bin/../lib/gcc/msp430/4.7.3/mmpy-16/libgcc.a(_udivmod64.o)
                0x000000000000b508                __xabi_udivmod64
                0x000000000000b566                __udivdi3
                0x000000000000b58c                __umoddi3
                0x000000000000b5ba                __udivmoddi4
 .text.crt0     0x000000000000b5f8        0x2 /home/harishnr/NES/mspgcc-4.7.3/bin/../lib/gcc/msp430/4.7.3/mmpy-16/libcrt0.a(_unexpected_.o)
                0x000000000000b5f8                _unexpected_
 *(.near.text .near.text.*)

.rodata         0x000000000000b5fc      0x607
                0x000000000000b5fc                . = ALIGN (0x2)
 *(.rodata .rodata.* .gnu.linkonce.r.*)
 .rodata        0x000000000000b5fc      0x2ea aodv.co
                0x000000000000b890                autostart_processes
 .rodata        0x000000000000b8e6      0x167 obj_sky/contiki-sky-main.o
 *fill*         0x000000000000ba4d        0x1 00
 .rodata        0x000000000000ba4e       0x10 contiki-sky.a(button-sensor.o)
                0x000000000000ba56                button_sensor
 .rodata        0x000000000000ba5e        0x8 contiki-sky.a(sensors.o)
 *fill*         0x000000000000ba66        0x2 00
 .rodata.get_value
                0x000000000000ba68       0x1c contiki-sky.a(cc2420.o)
 .rodata        0x000000000000ba84       0x3e contiki-sky.a(cc2420.o)
                0x000000000000ba84                cc2420_aes_128_driver
                0x000000000000ba88                cc2420_driver
 .rodata        0x000000000000bac2       0x26 contiki-sky.a(slip.o)
 .rodata        0x000000000000bae8        0xf contiki-sky.a(ctimer.o)
 .rodata        0x000000000000baf7        0xc contiki-sky.a(etimer.o)
 *fill*         0x000000000000bb03        0x1 00
 .rodata.uip_process
                0x000000000000bb04       0x20 contiki-sky.a(uip.o)
 .rodata        0x000000000000bb24        0x8 contiki-sky.a(uip.o)
                0x000000000000bb24                uip_all_zeroes_addr
                0x000000000000bb28                uip_broadcast_addr
 .rodata        0x000000000000bb2c        0xe contiki-sky.a(uip-fw-drv.o)
 .rodata        0x000000000000bb3a        0xa contiki-sky.a(uip-over-mesh.o)
 .rodata        0x000000000000bb44        0xd contiki-sky.a(tcpip.o)
 *fill*         0x000000000000bb51        0x1 00
 .rodata        0x000000000000bb52        0x8 contiki-sky.a(broadcast.o)
 .rodata        0x000000000000bb5a        0xc contiki-sky.a(rime.o)
                0x000000000000bb60                rime_driver
 .rodata        0x000000000000bb66        0xa contiki-sky.a(route-discovery)
 .rodata        0x000000000000bb70        0xa contiki-sky.a(trickle.o)
 .rodata        0x000000000000bb7a        0xa contiki-sky.a(unicast.o)
 .rodata        0x000000000000bb84       0x14 contiki-sky.a(csma.o)
                0x000000000000bb8a                csma_driver
 .rodata        0x000000000000bb98        0x2 contiki-sky.a(linkaddr.o)
                0x000000000000bb98                linkaddr_null
 .rodata        0x000000000000bb9a       0x1c contiki-sky.a(contikimac.o)
                0x000000000000bba6                contikimac_driver
 .rodata        0x000000000000bbb6        0x8 contiki-sky.a(contikimac-fram)
                0x000000000000bbb6                contikimac_framer
 .rodata        0x000000000000bbbe       0x14 contiki-sky.a(nullsec.o)
                0x000000000000bbc6                nullsec_driver
 .rodata        0x000000000000bbd2        0x2 contiki-sky.a(abc.o)
 .rodata        0x000000000000bbd4        0x4 contiki-sky.a(broadcast-annou)
 .rodata        0x000000000000bbd8        0x6 contiki-sky.a(netflood.o)
 .rodata        0x000000000000bbde        0x8 contiki-sky.a(framer-802154.o)
                0x000000000000bbde                framer_802154
 .rodata        0x000000000000bbe6       0x10 contiki-sky.a(chameleon-bitop)
                0x000000000000bbe6                chameleon_bitopt
 .rodata        0x000000000000bbf6        0x4 contiki-sky.a(ipolite.o)
 .rodata        0x000000000000bbfa        0x2 contiki-sky.a(frame802154.o)
 .rodata.vuprintf
                0x000000000000bbfc        0x7 /home/harishnr/NES/mspgcc-4.7.3/bin/../lib/gcc/msp430/4.7.3/../../../../msp430/lib/mmpy-16/libc.a(vuprintf.o)
 *(.near.rodata .near.rodata.*)
                0x000000000000bc04                . = ALIGN (0x2)
                0x000000000000bc04                _etext = .

.data           0x0000000000001100       0xc4 load address 0x000000000000bc04
                0x0000000000001100                . = ALIGN (0x2)
                0x0000000000001100                __data_start = .
 *(.data .data.* .gnu.linkonce.d.*)
 .data          0x0000000000001100       0x2a aodv.co
                0x0000000000001100                seqno
                0x000000000000110a                data_pck
                0x0000000000001114                rreq_pck
                0x000000000000111e                est_conn
 .data          0x000000000000112a       0x18 obj_sky/contiki-sky-main.o
 .data          0x0000000000001142        0x4 contiki-sky.a(contiki-sky-pla)
                0x0000000000001142                sensors
 .data          0x0000000000001146        0xa contiki-sky.a(sensors.o)
                0x0000000000001146                sensors_process
 .data          0x0000000000001150        0xa contiki-sky.a(cc2420.o)
                0x0000000000001150                cc2420_process
 .data          0x000000000000115a        0xa contiki-sky.a(slip.o)
                0x000000000000115a                slip_process
 .data          0x0000000000001164        0x2 contiki-sky.a(msp430.o)
 .data          0x0000000000001166        0xa contiki-sky.a(ctimer.o)
                0x0000000000001166                ctimer_process
 .data          0x0000000000001170        0xa contiki-sky.a(etimer.o)
                0x0000000000001170                etimer_process
 .data          0x000000000000117a        0xa contiki-sky.a(uip-fw-drv.o)
                0x000000000000117a                uip_fw_process
 .data          0x0000000000001184        0xa contiki-sky.a(tcpip.o)
                0x0000000000001184                tcpip_process
 .data          0x000000000000118e        0xa contiki-sky.a(route.o)
 .data          0x0000000000001198       0x18 contiki-sky.a(csma.o)
 .data          0x00000000000011b0       0x10 contiki-sky.a(queuebuf.o)
 .data.next     0x00000000000011c0        0x4 /home/harishnr/NES/mspgcc-4.7.3/bin/../lib/gcc/msp430/4.7.3/../../../../msp430/lib/mmpy-16/libc.a(rand.o)
 *(.near.data .near.data.*)
                0x00000000000011c4                . = ALIGN (0x2)
                0x00000000000011c4                _edata = .
                0x000000000000bc04                __data_load_start = LOADADDR (.data)
                0x00000000000000c4                __data_size = SIZEOF (.data)

.bss            0x00000000000011c4     0x1820 load address 0x000000000000bcc8
                0x00000000000011c4                __bss_start = .
 *(.bss .bss.*)
 .bss           0x00000000000011c4      0x1e8 aodv.co
 .bss           0x00000000000013ac        0xe obj_sky/contiki-sky-main.o
 .bss           0x00000000000013ba        0x8 contiki-sky.a(button-sensor.o)
 .bss           0x00000000000013c2        0x2 contiki-sky.a(node-id.o)
                0x00000000000013c2                node_id
 .bss           0x00000000000013c4        0x6 contiki-sky.a(sensors.o)
 .bss           0x00000000000013ca        0x8 contiki-sky.a(cc2420.o)
 .bss           0x00000000000013d2       0x9a contiki-sky.a(uart1.o)
 .bss           0x000000000000146c        0x1 contiki-sky.a(slip_uart1.o)
 *fill*         0x000000000000146d        0x1 00
 .bss           0x000000000000146e       0x88 contiki-sky.a(slip.o)
 .bss           0x00000000000014f6        0xa contiki-sky.a(clock.o)
 .bss           0x0000000000001500        0x1 contiki-sky.a(leds.o)
 *fill*         0x0000000000001501        0x1 00
 .bss           0x0000000000001502        0x2 contiki-sky.a(watchdog.o)
 .bss           0x0000000000001504        0x4 contiki-sky.a(ctimer.o)
 .bss           0x0000000000001508        0x6 contiki-sky.a(etimer.o)
 .bss           0x000000000000150e       0x42 contiki-sky.a(process.o)
                0x000000000000150e                process_current
                0x0000000000001510                process_list
 .bss           0x0000000000001550        0x2 contiki-sky.a(rtimer.o)
 .bss           0x0000000000001552       0x14 contiki-sky.a(uip.o)
                0x0000000000001552                uip_lladdr
 .bss           0x0000000000001566      0x1a8 contiki-sky.a(uip-fw.o)
 .bss           0x000000000000170e       0xd2 contiki-sky.a(uip-over-mesh.o)
 .bss           0x00000000000017e0       0x36 contiki-sky.a(tcpip.o)
 .bss           0x0000000000001816        0x2 contiki-sky.a(channel.o)
 .bss           0x0000000000001818        0x2 contiki-sky.a(rime.o)
 .bss           0x000000000000181a       0x7e contiki-sky.a(route.o)
 .bss           0x0000000000001898        0x1 contiki-sky.a(route-discovery)
 *fill*         0x0000000000001899        0x1 00
 .bss           0x000000000000189a      0x128 contiki-sky.a(csma.o)
 .bss           0x00000000000019c2       0xb8 contiki-sky.a(packetbuf.o)
 .bss           0x0000000000001a7a      0xc20 contiki-sky.a(queuebuf.o)
 .bss           0x000000000000269a       0x32 contiki-sky.a(contikimac.o)
 .bss           0x00000000000026cc        0x8 contiki-sky.a(compower.o)
 .bss           0x00000000000026d4        0x6 contiki-sky.a(announcement.o)
 .bss           0x00000000000026da       0x46 contiki-sky.a(broadcast-annou)
 .bss           0x0000000000002720        0x2 contiki-sky.a(framer-802154.o)
 .bss           0x0000000000002722       0x40 contiki-sky.a(mac-sequence.o)
 *(.near.bss .near.bss.*)
 *(COMMON)
 COMMON         0x0000000000002762        0x2 contiki-sky.a(contiki-sky-pla)
                0x0000000000002762                sensors_flags
 COMMON         0x0000000000002764        0x8 contiki-sky.a(ds2411.o)
                0x0000000000002764                ds2411_id
 COMMON         0x000000000000276c        0x1 contiki-sky.a(sensors.o)
                0x000000000000276c                sensors_event
 *fill*         0x000000000000276d        0x1 00
 COMMON         0x000000000000276e       0x10 contiki-sky.a(cc2420.o)
                0x000000000000276e                cc2420_last_rssi
                0x0000000000002770                cc2420_sfd_start_time
                0x0000000000002772                cc2420_time_of_departure
                0x0000000000002774                cc2420_time_of_arrival
                0x0000000000002776                cc2420_last_correlation
                0x0000000000002778                cc2420_authority_level_of_sender
                0x000000000000277a                cc2420_sfd_counter
                0x000000000000277c                cc2420_sfd_end_time
 COMMON         0x000000000000277e        0x1 contiki-sky.a(slip.o)
                0x000000000000277e                slip_active
 *fill*         0x000000000000277f        0x1 00
 COMMON         0x0000000000002780        0x2 contiki-sky.a(msp430.o)
                0x0000000000002780                msp430_dco_required
 COMMON         0x0000000000002782       0x56 contiki-sky.a(energest.o)
                0x0000000000002782                energest_total_time
                0x00000000000027b2                energest_total_count
                0x00000000000027b4                energest_current_mode
                0x00000000000027c0                energest_current_time
 COMMON         0x00000000000027d8        0x1 contiki-sky.a(process.o)
                0x00000000000027d8                process_maxevents
 *fill*         0x00000000000027d9        0x1 00
 COMMON         0x00000000000027da      0x1c2 contiki-sky.a(uip.o)
                0x00000000000027da                uip_len
                0x00000000000027dc                uip_sappdata
                0x00000000000027de                uip_acc32
                0x00000000000027e2                uip_aligned_buf
                0x000000000000284e                uip_flags
                0x0000000000002850                uip_udp_conn
                0x0000000000002852                uip_appdata
                0x0000000000002854                uip_conn
                0x0000000000002856                uip_conns
                0x00000000000028d6                uip_listenports
                0x00000000000028e6                uip_draddr
                0x00000000000028ea                uip_netmask
                0x00000000000028ee                uip_hostaddr
                0x00000000000028f2                uip_slen
                0x00000000000028f4                uip_udp_conns
 COMMON         0x000000000000299c        0x2 contiki-sky.a(tcpip.o)
                0x000000000000299c                tcpip_is_forwarding
                0x000000000000299d                tcpip_event
 COMMON         0x000000000000299e        0x2 contiki-sky.a(linkaddr.o)
                0x000000000000299e                linkaddr_node_addr
 COMMON         0x00000000000029a0       0x3c contiki-sky.a(packetbuf.o)
                0x00000000000029a0                packetbuf_addrs
                0x00000000000029a8                packetbuf_attrs
 COMMON         0x00000000000029dc        0x8 contiki-sky.a(compower.o)
                0x00000000000029dc                compower_idle_activity
                0x00000000000029e4                . = ALIGN (0x2)
                0x00000000000029e4                __bss_end = .
                0x0000000000001820                __bss_size = SIZEOF (.bss)

.noinit         0x00000000000029e4        0x2 load address 0x000000000000bcc8
                0x00000000000029e4                . = ALIGN (0x2)
                0x00000000000029e4                __noinit_start = .
 *(.noinit .noinit.*)
 .noinit.crt0   0x00000000000029e4        0x2 /home/harishnr/NES/mspgcc-4.7.3/bin/../lib/gcc/msp430/4.7.3/mmpy-16/libcrt0.a(__watchdog_support.o)
                0x00000000000029e4                __wdt_clear_value
                0x00000000000029e6                . = ALIGN (0x2)
                0x00000000000029e6                __noinit_end = .
                0x00000000000029e6                . = ALIGN (0x2)
                0x00000000000029e6                _end = .

.infomem        0x0000000000001000        0x0
                0x0000000000001000                . = ALIGN (0x2)
 *(.infomem .infomem.*)

.infomemnobits  0x0000000000001000        0x0
                0x0000000000001000                . = ALIGN (0x2)
 *(.infomemnobits .infomemnobits.*)

.infoa          0x0000000000001080        0x0
                0x0000000000001080                . = ALIGN (0x2)
 *(.infoa .infoa.*)

.infob          0x0000000000001000        0x0
                0x0000000000001000                . = ALIGN (0x2)
 *(.infob .infob.*)

.infoc          0x0000000000000000        0x0
                0x0000000000000000                . = ALIGN (0x2)
 *(.infoc .infoc.*)

.infod          0x0000000000000000        0x0
                0x0000000000000000                . = ALIGN (0x2)
 *(.infod .infod.*)
                0x000000000000ffff                PROVIDE (__vte_0, 0xffff)
                0x000000000000ffff                PROVIDE (__vte_1, 0xffff)
                0x000000000000ffff                PROVIDE (__vte_2, 0xffff)
                0x000000000000ffff                PROVIDE (__vte_3, 0xffff)
                0x000000000000ffff                PROVIDE (__vte_4, 0xffff)
                0x000000000000ffff                PROVIDE (__vte_5, 0xffff)
                0x000000000000ffff                PROVIDE (__vte_6, 0xffff)
                0x000000000000ffff                PROVIDE (__vte_7, 0xffff)
                0x000000000000ffff                PROVIDE (__vte_8, 0xffff)
                0x000000000000ffff                PROVIDE (__vte_9, 0xffff)
                0x000000000000ffff                PROVIDE (__vte_10, 0xffff)
                0x000000000000ffff                PROVIDE (__vte_11, 0xffff)
                0x000000000000ffff                PROVIDE (__vte_12, 0xffff)
                0x000000000000ffff                PROVIDE (__vte_13, 0xffff)
                0x000000000000ffff                PROVIDE (__vte_14, 0xffff)
                0x000000000000ffff                PROVIDE (__vte_15, 0xffff)
                0x000000000000ffff                PROVIDE (__vte_16, 0xffff)
                0x000000000000ffff                PROVIDE (__vte_17, 0xffff)
                0x000000000000ffff                PROVIDE (__vte_18, 0xffff)
                0x000000000000ffff                PROVIDE (__vte_19, 0xffff)
                0x000000000000ffff                PROVIDE (__vte_20, 0xffff)
                0x000000000000ffff                PROVIDE (__vte_21, 0xffff)
                0x000000000000ffff                PROVIDE (__vte_22, 0xffff)
                0x000000000000ffff                PROVIDE (__vte_23, 0xffff)
                0x000000000000ffff                PROVIDE (__vte_24, 0xffff)
                0x000000000000ffff                PROVIDE (__vte_25, 0xffff)
                0x000000000000ffff                PROVIDE (__vte_26, 0xffff)
                0x000000000000ffff                PROVIDE (__vte_27, 0xffff)
                0x000000000000ffff                PROVIDE (__vte_28, 0xffff)
                0x000000000000ffff                PROVIDE (__vte_29, 0xffff)
                0x000000000000ffff                PROVIDE (__vte_30, 0xffff)
                0x000000000000ffff                PROVIDE (__vte_31, 0xffff)

.vectors        0x000000000000ffe0       0x20
                0x000000000000ffe0                __vectors_start = .
 *(.vectors*)
 .vectors       0x000000000000ffe0       0x20 /home/harishnr/NES/mspgcc-4.7.3/bin/../lib/gcc/msp430/4.7.3/mmpy-16/crt0ivtbl16.o
                0x000000000000ffe0                __ivtbl_16
                0x0000000000010000                _vectors_end = .

.fartext        0x0000000000000000        0x0
                0x0000000000000000                . = ALIGN (0x2)
 *(.fartext .fartext.*)

.far.text       0x0000000000000000        0x0
                0x0000000000000000                . = ALIGN (0x2)
 *(.far.text .far.text.*)

.far.rodata     0x0000000000000000        0x0
                0x0000000000000000                . = ALIGN (0x2)
 *(.far.rodata .far.rodata.*)
                0x0000000000000000                . = ALIGN (0x2)
                0x0000000000000000                _efartext = .

.far.data       0x0000000000000000        0x0
                0x0000000000000000                . = ALIGN (0x2)
                0x0000000000000000                __far_data_start = .
 *(.far.data .far.data.*)
                0x0000000000000000                . = ALIGN (0x2)
                0x0000000000000000                _efardata = .
                0x0000000000000000                __far_data_load_start = LOADADDR (.far.data)
                0x0000000000000000                __far_data_size = SIZEOF (.far.data)

.far.bss        0x0000000000000000        0x0
                0x0000000000000000                . = ALIGN (0x2)
                0x0000000000000000                __far_bss_start = .
 *(.far.bss .far.bss.*)
                0x0000000000000000                . = ALIGN (0x2)
                0x0000000000000000                __far_bss_end = .
                0x0000000000000000                __far_bss_size = SIZEOF (.far.bss)
                0x0000000000000000                . = ALIGN (0x2)
                0x0000000000000000                _far_end = .

.profiler
 *(.profiler)

.stab           0x0000000000000000    0x223a4
 *(.stab)
 .stab          0x0000000000000000     0x1f80 aodv.co
 .stab          0x0000000000001f80     0x1224 obj_sky/contiki-sky-main.o
                                       0x195c (size before relaxing)
 .stab          0x00000000000031a4      0x24c contiki-sky.a(contiki-sky-pla)
                                        0x5ac (size before relaxing)
 .stab          0x00000000000033f0      0x468 contiki-sky.a(button-sensor.o)
                                        0x7d4 (size before relaxing)
 .stab          0x0000000000003858      0x618 contiki-sky.a(ds2411.o)
                                        0xb34 (size before relaxing)
 .stab          0x0000000000003e70      0x9d8 contiki-sky.a(xmem.o)
                                        0xf00 (size before relaxing)
 .stab          0x0000000000004848      0x2b8 contiki-sky.a(node-id.o)
                                        0x4e0 (size before relaxing)
 .stab          0x0000000000004b00      0x69c contiki-sky.a(sensors.o)
                                        0xbb8 (size before relaxing)
 .stab          0x000000000000519c     0x22c8 contiki-sky.a(cc2420.o)
                                       0x2c40 (size before relaxing)
 .stab          0x0000000000007464      0x9cc contiki-sky.a(cc2420-arch.o)
                                       0x13f8 (size before relaxing)
 .stab          0x0000000000007e30      0x600 contiki-sky.a(uart1.o)
                                        0x954 (size before relaxing)
 .stab          0x0000000000008430      0x330 contiki-sky.a(slip_uart1.o)
                                        0x684 (size before relaxing)
 .stab          0x0000000000008760      0xb70 contiki-sky.a(slip.o)
                                       0x1308 (size before relaxing)
 .stab          0x00000000000092d0      0x72c contiki-sky.a(msp430.o)
                                        0xa80 (size before relaxing)
 .stab          0x00000000000099fc      0x930 contiki-sky.a(clock.o)
                                        0xc84 (size before relaxing)
 .stab          0x000000000000a32c      0x5a0 contiki-sky.a(leds.o)
                                        0x7ec (size before relaxing)
 .stab          0x000000000000a8cc      0x378 contiki-sky.a(leds-arch.o)
                                        0x6cc (size before relaxing)
 .stab          0x000000000000ac44      0x3cc contiki-sky.a(watchdog.o)
                                        0x720 (size before relaxing)
 .stab          0x000000000000b010      0x3b4 contiki-sky.a(rtimer-arch.o)
                                        0x708 (size before relaxing)
 .stab          0x000000000000b3c4      0x294 contiki-sky.a(autostart.o)
                                        0x534 (size before relaxing)
 .stab          0x000000000000b658      0x78c contiki-sky.a(ctimer.o)
                                        0xaf8 (size before relaxing)
 .stab          0x000000000000bde4      0x474 contiki-sky.a(energest.o)
                                        0x6fc (size before relaxing)
 .stab          0x000000000000c258      0x9fc contiki-sky.a(etimer.o)
                                        0xccc (size before relaxing)
 .stab          0x000000000000cc54      0xb70 contiki-sky.a(process.o)
                                       0x1008 (size before relaxing)
 .stab          0x000000000000d7c4      0x3cc contiki-sky.a(rtimer.o)
                                        0x6b4 (size before relaxing)
 .stab          0x000000000000db90      0x348 contiki-sky.a(timer.o)
                                        0x588 (size before relaxing)
 .stab          0x000000000000ded8      0x7bc contiki-sky.a(list.o)
                                        0x7c8 (size before relaxing)
 .stab          0x000000000000e694      0x21c contiki-sky.a(random.o)
                                        0x618 (size before relaxing)
 .stab          0x000000000000e8b0     0x2418 contiki-sky.a(uip.o)
                                       0x2b74 (size before relaxing)
 .stab          0x0000000000010cc8      0x960 contiki-sky.a(uip-fw.o)
                                       0x10d4 (size before relaxing)
 .stab          0x0000000000011628      0x2d0 contiki-sky.a(uip-fw-drv.o)
                                        0xa38 (size before relaxing)
 .stab          0x00000000000118f8      0xb88 contiki-sky.a(uip-over-mesh.o)
                                       0x180c (size before relaxing)
 .stab          0x0000000000012480     0x1044 contiki-sky.a(tcpip.o)
                                       0x1ea8 (size before relaxing)
 .stab          0x00000000000134c4      0x6cc contiki-sky.a(broadcast.o)
                                       0x1500 (size before relaxing)
 .stab          0x0000000000013b90      0x654 contiki-sky.a(channel.o)
                                       0x1278 (size before relaxing)
 .stab          0x00000000000141e4      0xcb4 contiki-sky.a(rime.o)
                                       0x13f8 (size before relaxing)
 .stab          0x0000000000014e98      0x9e4 contiki-sky.a(route.o)
                                        0xedc (size before relaxing)
 .stab          0x000000000001587c      0xa08 contiki-sky.a(route-discovery)
                                       0x16b0 (size before relaxing)
 .stab          0x0000000000016284      0x7c8 contiki-sky.a(trickle.o)
                                       0x1074 (size before relaxing)
 .stab          0x0000000000016a4c      0x618 contiki-sky.a(unicast.o)
                                       0x1290 (size before relaxing)
 .stab          0x0000000000017064      0xdec contiki-sky.a(csma.o)
                                       0x159c (size before relaxing)
 .stab          0x0000000000017e50      0x1f8 contiki-sky.a(mac.o)
                                        0x4ec (size before relaxing)
 .stab          0x0000000000018048      0x2ac contiki-sky.a(linkaddr.o)
                                        0x6a8 (size before relaxing)
 .stab          0x00000000000182f4      0xd74 contiki-sky.a(packetbuf.o)
                                       0x1bc0 (size before relaxing)
 .stab          0x0000000000019068      0xa38 contiki-sky.a(queuebuf.o)
                                       0x186c (size before relaxing)
 .stab          0x0000000000019aa0     0x17ac contiki-sky.a(contikimac.o)
                                       0x23b8 (size before relaxing)
 .stab          0x000000000001b24c      0x6d8 contiki-sky.a(contikimac-fram)
                                        0xf18 (size before relaxing)
 .stab          0x000000000001b924      0x684 contiki-sky.a(nullsec.o)
                                        0xd80 (size before relaxing)
 .stab          0x000000000001bfa8      0x1f8 contiki-sky.a(spi.o)
                                        0x420 (size before relaxing)
 .stab          0x000000000001c1a0      0x300 contiki-sky.a(uip-ipchksum.o)
                                        0xa50 (size before relaxing)
 .stab          0x000000000001c4a0      0x4ec contiki-sky.a(compower.o)
                                        0xcf0 (size before relaxing)
 .stab          0x000000000001c98c      0x5c4 contiki-sky.a(memb.o)
                                        0xaf8 (size before relaxing)
 .stab          0x000000000001cf50      0x660 contiki-sky.a(abc.o)
                                       0x1494 (size before relaxing)
 .stab          0x000000000001d5b0      0x6b4 contiki-sky.a(announcement.o)
                                        0x954 (size before relaxing)
 .stab          0x000000000001dc64      0x948 contiki-sky.a(broadcast-annou)
                                       0x15c0 (size before relaxing)
 .stab          0x000000000001e5ac      0x588 contiki-sky.a(chameleon.o)
                                       0x1230 (size before relaxing)
 .stab          0x000000000001eb34      0x750 contiki-sky.a(netflood.o)
                                       0x1014 (size before relaxing)
 .stab          0x000000000001f284      0x918 contiki-sky.a(framer-802154.o)
                                        0xf54 (size before relaxing)
 .stab          0x000000000001fb9c      0x318 contiki-sky.a(framer.o)
                                        0xc54 (size before relaxing)
 .stab          0x000000000001feb4      0x600 contiki-sky.a(mac-sequence.o)
                                       0x144c (size before relaxing)
 .stab          0x00000000000204b4      0xd44 contiki-sky.a(chameleon-bitop)
                                       0x19bc (size before relaxing)
 .stab          0x00000000000211f8      0x8b8 contiki-sky.a(ipolite.o)
                                       0x153c (size before relaxing)
 .stab          0x0000000000021ab0      0x8f4 contiki-sky.a(frame802154.o)
                                       0x10c8 (size before relaxing)

.stabstr        0x0000000000000000    0x19530
 *(.stabstr)
 .stabstr       0x0000000000000000    0x19530 aodv.co

.stab.excl
 *(.stab.excl)

.stab.exclstr
 *(.stab.exclstr)

.stab.index
 *(.stab.index)

.stab.indexstr
 *(.stab.indexstr)

.comment        0x0000000000000000       0x30
 *(.comment)
 .comment       0x0000000000000000       0x30 aodv.co
                                         0x31 (size before relaxing)
 .comment       0x0000000000000000       0x31 obj_sky/contiki-sky-main.o
 .comment       0x0000000000000000       0x31 contiki-sky.a(contiki-sky-pla)
 .comment       0x0000000000000000       0x31 contiki-sky.a(button-sensor.o)
 .comment       0x0000000000000000       0x31 contiki-sky.a(ds2411.o)
 .comment       0x0000000000000000       0x31 contiki-sky.a(xmem.o)
 .comment       0x0000000000000000       0x31 contiki-sky.a(node-id.o)
 .comment       0x0000000000000000       0x31 contiki-sky.a(sensors.o)
 .comment       0x0000000000000000       0x31 contiki-sky.a(cc2420.o)
 .comment       0x0000000000000000       0x31 contiki-sky.a(cc2420-arch.o)
 .comment       0x0000000000000000       0x31 contiki-sky.a(uart1.o)
 .comment       0x0000000000000000       0x31 contiki-sky.a(slip_uart1.o)
 .comment       0x0000000000000000       0x31 contiki-sky.a(slip.o)