Archive member included because of file (symbol)

contiki-sky.a(contiki-sky-pla)
                              obj_sky/contiki-sky-main.o (init_platform)
contiki-sky.a(button-sensor.o)
                              aodv.co (button_sensor)
contiki-sky.a(ds2411.o)       obj_sky/contiki-sky-main.o (ds2411_init)
contiki-sky.a(xmem.o)         obj_sky/contiki-sky-main.o (xmem_init)
contiki-sky.a(node-id.o)      obj_sky/contiki-sky-main.o (node_id_restore)
contiki-sky.a(sensors.o)      aodv.co (sensors_event)
contiki-sky.a(cc2420.o)       obj_sky/contiki-sky-main.o (cc2420_set_pan_addr)
contiki-sky.a(cc2420-arch.o)  contiki-sky.a(cc2420.o) (cc2420_arch_init)
contiki-sky.a(uart1.o)        obj_sky/contiki-sky-main.o (uart1_active)
contiki-sky.a(slip_uart1.o)   aodv.co (putchar)
contiki-sky.a(slip.o)         obj_sky/contiki-sky-main.o (slip_set_input_callback)
contiki-sky.a(msp430.o)       contiki-sky.a(uart1.o) (msp430_add_lpm_req)
contiki-sky.a(clock.o)        obj_sky/contiki-sky-main.o (clock_init)
contiki-sky.a(leds.o)         obj_sky/contiki-sky-main.o (leds_init)
contiki-sky.a(leds-arch.o)    contiki-sky.a(leds.o) (leds_arch_init)
contiki-sky.a(watchdog.o)     obj_sky/contiki-sky-main.o (watchdog_start)
contiki-sky.a(rtimer-arch.o)  obj_sky/contiki-sky-main.o (rtimer_arch_now)
contiki-sky.a(autostart.o)    obj_sky/contiki-sky-main.o (autostart_start)
contiki-sky.a(ctimer.o)       obj_sky/contiki-sky-main.o (ctimer_init)
contiki-sky.a(energest.o)     obj_sky/contiki-sky-main.o (energest_init)
contiki-sky.a(etimer.o)       contiki-sky.a(clock.o) (etimer_request_poll)
contiki-sky.a(process.o)      contiki-sky.a(ctimer.o) (process_current)
contiki-sky.a(rtimer.o)       obj_sky/contiki-sky-main.o (rtimer_init)
contiki-sky.a(timer.o)        obj_sky/contiki-sky-main.o (timer_set)
contiki-sky.a(list.o)         contiki-sky.a(ctimer.o) (list_init)
contiki-sky.a(random.o)       obj_sky/contiki-sky-main.o (random_init)
contiki-sky.a(uip.o)          contiki-sky.a(slip.o) (uip_aligned_buf)
contiki-sky.a(uip-fw.o)       obj_sky/contiki-sky-main.o (uip_fw_default)
contiki-sky.a(uip-fw-drv.o)   obj_sky/contiki-sky-main.o (uip_fw_process)
contiki-sky.a(uip-over-mesh.o)
                              obj_sky/contiki-sky-main.o (uip_over_mesh_init)
contiki-sky.a(tcpip.o)        contiki-sky.a(uip-fw-drv.o) (tcpip_set_outputfunc)
contiki-sky.a(broadcast.o)    aodv.co (broadcast_open)
contiki-sky.a(channel.o)      contiki-sky.a(broadcast.o) (channel_set_attributes)
contiki-sky.a(rime.o)         obj_sky/contiki-sky-main.o (rime_driver)
contiki-sky.a(route.o)        contiki-sky.a(uip-over-mesh.o) (route_init)
contiki-sky.a(route-discovery)
                              contiki-sky.a(uip-over-mesh.o) (route_discovery_open)
contiki-sky.a(trickle.o)      contiki-sky.a(uip-over-mesh.o) (trickle_open)
contiki-sky.a(unicast.o)      aodv.co (unicast_open)
contiki-sky.a(csma.o)         obj_sky/contiki-sky-main.o (csma_driver)
contiki-sky.a(mac.o)          contiki-sky.a(csma.o) (mac_call_sent_callback)
contiki-sky.a(linkaddr.o)     obj_sky/contiki-sky-main.o (linkaddr_copy)
contiki-sky.a(packetbuf.o)    contiki-sky.a(rime.o) (packetbuf_compact)
contiki-sky.a(queuebuf.o)     contiki-sky.a(rime.o) (queuebuf_init)
contiki-sky.a(contikimac.o)   obj_sky/contiki-sky-main.o (contikimac_driver)
contiki-sky.a(contikimac-fram)
                              contiki-sky.a(contikimac.o) (contikimac_framer)
contiki-sky.a(nullsec.o)      obj_sky/contiki-sky-main.o (nullsec_driver)
contiki-sky.a(spi.o)          contiki-sky.a(xmem.o) (spi_init)
contiki-sky.a(uip-ipchksum.o)
                              contiki-sky.a(slip.o) (uip_ipchksum)
contiki-sky.a(compower.o)     contiki-sky.a(contikimac.o) (compower_idle_activity)
contiki-sky.a(memb.o)         contiki-sky.a(route.o) (memb_init)
contiki-sky.a(abc.o)          contiki-sky.a(broadcast.o) (abc_open)
contiki-sky.a(announcement.o)
                              contiki-sky.a(rime.o) (announcement_init)
contiki-sky.a(broadcast-annou)
                              contiki-sky.a(rime.o) (broadcast_announcement_init)
contiki-sky.a(chameleon.o)    contiki-sky.a(rime.o) (chameleon_init)
contiki-sky.a(netflood.o)     contiki-sky.a(route-discovery) (netflood_open)
contiki-sky.a(framer-802154.o)
                              contiki-sky.a(contikimac-fram) (framer_802154)
contiki-sky.a(framer.o)       contiki-sky.a(framer-802154.o) (framer_canonical_create_and_secure)
contiki-sky.a(mac-sequence.o)
                              contiki-sky.a(contikimac.o) (mac_sequence_is_duplicate)
contiki-sky.a(chameleon-bitop)
                              contiki-sky.a(chameleon.o) (chameleon_bitopt)
contiki-sky.a(ipolite.o)      contiki-sky.a(netflood.o) (ipolite_open)
contiki-sky.a(frame802154.o)  contiki-sky.a(framer-802154.o) (frame802154_hdrlen)
/home/harishnr/NES/mspgcc-4.7.3/bin/../lib/gcc/msp430/4.7.3/mmpy-16/libgcc.a(_mulsi3.o)
                              contiki-sky.a(csma.o) (__mulsi3)
[...]
Memory Configuration

Name             Origin             Length             Attributes
sfr              0x0000000000000000 0x0000000000000010
peripheral_8bit  0x0000000000000010 0x00000000000000f0
peripheral_16bit 0x0000000000000100 0x0000000000000100
ram_mirror       0x0000000000000200 0x0000000000000800 xw
infomem          0x0000000000001000 0x0000000000000100
infob            0x0000000000001000 0x0000000000000080
infoa            0x0000000000001080 0x0000000000000080
ram              0x0000000000001100 0x0000000000002800 xw
rom              0x0000000000004000 0x000000000000bfe0 xr
vectors          0x000000000000ffe0 0x0000000000000020
bsl              0x0000000000000000 0x0000000000000000
infoc            0x0000000000000000 0x0000000000000000
infod            0x0000000000000000 0x0000000000000000
ram2             0x0000000000000000 0x0000000000000000 xw
usbram           0x0000000000000000 0x0000000000000000 xw
far_rom          0x0000000000000000 0x0000000000000000
*default*        0x0000000000000000 0xffffffffffffffff

Linker script and memory map

LOAD /home/harishnr/NES/mspgcc-4.7.3/bin/../lib/gcc/msp430/4.7.3/mmpy-16/crt0ivtbl16.o
LOAD aodv.co
LOAD obj_sky/contiki-sky-main.o
LOAD contiki-sky.a
LOAD /home/harishnr/NES/mspgcc-4.7.3/bin/../lib/gcc/msp430/4.7.3/mmpy-16/libgcc.a
LOAD /home/harishnr/NES/mspgcc-4.7.3/bin/../lib/gcc/msp430/4.7.3/../../../../msp430/lib/mmpy-16/libc.a
LOAD /home/harishnr/NES/mspgcc-4.7.3/bin/../lib/gcc/msp430/4.7.3/mmpy-16/libgcc.a
LOAD /home/harishnr/NES/mspgcc-4.7.3/bin/../lib/gcc/msp430/4.7.3/mmpy-16/libcrt0.a
                0x0000000000000080                PROVIDE (__info_segment_size, 0x80)
                0x0000000000001000                PROVIDE (__infob, 0x1000)
                0x0000000000001080                PROVIDE (__infoa, 0x1080)
                0x0000000000000000                __IE1 = 0x0
                0x0000000000000002                __IFG1 = 0x2
                0x0000000000000004                __ME1 = 0x4
                0x0000000000000001                __IE2 = 0x1
                0x0000000000000003                __IFG2 = 0x3
                0x0000000000000005                __ME2 = 0x5
                0x0000000000000120                __WDTCTL = 0x120
                0x0000000000000130                __MPY = 0x130
                0x0000000000000132                __MPYS = 0x132
                0x0000000000000134                __MAC = 0x134
                0x0000000000000136                __MACS = 0x136
                0x0000000000000138                __OP2 = 0x138
                0x000000000000013a                __RESLO = 0x13a
                0x000000000000013c                __RESHI = 0x13c
                0x000000000000013e                __SUMEXT = 0x13e
                0x0000000000000020                __P1IN = 0x20
                0x0000000000000021                __P1OUT = 0x21
                0x0000000000000022                __P1DIR = 0x22
                0x0000000000000023                __P1IFG = 0x23
                0x0000000000000024                __P1IES = 0x24
                0x0000000000000025                __P1IE = 0x25
                0x0000000000000026                __P1SEL = 0x26
                0x0000000000000028                __P2IN = 0x28
                0x0000000000000029                __P2OUT = 0x29
                0x000000000000002a                __P2DIR = 0x2a
                0x000000000000002b                __P2IFG = 0x2b
                0x000000000000002c                __P2IES = 0x2c
                0x000000000000002d                __P2IE = 0x2d
                0x000000000000002e                __P2SEL = 0x2e
                0x0000000000000018                __P3IN = 0x18
                0x0000000000000019                __P3OUT = 0x19
                0x000000000000001a                __P3DIR = 0x1a
                0x000000000000001b                __P3SEL = 0x1b
                0x000000000000001c                __P4IN = 0x1c
                0x000000000000001d                __P4OUT = 0x1d
                0x000000000000001e                __P4DIR = 0x1e
                0x000000000000001f                __P4SEL = 0x1f
                0x0000000000000030                __P5IN = 0x30
                0x0000000000000031                __P5OUT = 0x31
                0x0000000000000032                __P5DIR = 0x32
                0x0000000000000033                __P5SEL = 0x33
                0x0000000000000034                __P6IN = 0x34
                0x0000000000000035                __P6OUT = 0x35
                0x0000000000000036                __P6DIR = 0x36
                0x0000000000000037                __P6SEL = 0x37
                0x0000000000000070                __U0CTL = 0x70
                0x0000000000000071                __U0TCTL = 0x71
                0x0000000000000072                __U0RCTL = 0x72
                0x0000000000000073                __U0MCTL = 0x73
                0x0000000000000074                __U0BR0 = 0x74
                0x0000000000000075                __U0BR1 = 0x75
                0x0000000000000076                __U0RXBUF = 0x76
                0x0000000000000077                __U0TXBUF = 0x77
                0x0000000000000078                __U1CTL = 0x78
                0x0000000000000079                __U1TCTL = 0x79
                0x000000000000007a                __U1RCTL = 0x7a
                0x000000000000007b                __U1MCTL = 0x7b
                0x000000000000007c                __U1BR0 = 0x7c
                0x000000000000007d                __U1BR1 = 0x7d
                0x000000000000007e                __U1RXBUF = 0x7e
                0x000000000000007f                __U1TXBUF = 0x7f
                0x0000000000000050                __I2CIE = 0x50
                0x0000000000000051                __I2CIFG = 0x51
                0x0000000000000052                __I2CNDAT = 0x52
                0x0000000000000071                __I2CTCTL = 0x71
                0x0000000000000072                __I2CDCTL = 0x72
                0x0000000000000073                __I2CPSC = 0x73
                0x0000000000000074                __I2CSCLH = 0x74
                0x0000000000000075                __I2CSCLL = 0x75
                0x0000000000000076                __I2CDRB = 0x76
                0x0000000000000076                __I2CDRW = 0x76
                0x0000000000000118                __I2COA = 0x118
                0x000000000000011a                __I2CSA = 0x11a
                0x000000000000011c                __I2CIV = 0x11c
                0x000000000000012e                __TAIV = 0x12e
                0x0000000000000160                __TACTL = 0x160
                0x0000000000000162                __TACCTL0 = 0x162
                0x0000000000000164                __TACCTL1 = 0x164
                0x0000000000000166                __TACCTL2 = 0x166
                0x0000000000000170                __TAR = 0x170
                0x0000000000000172                __TACCR0 = 0x172
                0x0000000000000174                __TACCR1 = 0x174
                0x0000000000000176                __TACCR2 = 0x176
                0x000000000000011e                __TBIV = 0x11e
                0x0000000000000180                __TBCTL = 0x180
                0x0000000000000182                __TBCCTL0 = 0x182
                0x0000000000000184                __TBCCTL1 = 0x184
                0x0000000000000186                __TBCCTL2 = 0x186
                0x0000000000000188                __TBCCTL3 = 0x188
                0x000000000000018a                __TBCCTL4 = 0x18a
                0x000000000000018c                __TBCCTL5 = 0x18c
                0x000000000000018e                __TBCCTL6 = 0x18e
                0x0000000000000190                __TBR = 0x190
                0x0000000000000192                __TBCCR0 = 0x192
                0x0000000000000194                __TBCCR1 = 0x194
                0x0000000000000196                __TBCCR2 = 0x196
                0x0000000000000198                __TBCCR3 = 0x198
                0x000000000000019a                __TBCCR4 = 0x19a
                0x000000000000019c                __TBCCR5 = 0x19c
                0x000000000000019e                __TBCCR6 = 0x19e
                0x0000000000000056                __DCOCTL = 0x56
                0x0000000000000057                __BCSCTL1 = 0x57
                0x0000000000000058                __BCSCTL2 = 0x58
                0x0000000000000055                __SVSCTL = 0x55
                0x0000000000000128                __FCTL1 = 0x128
                0x000000000000012a                __FCTL2 = 0x12a
                0x000000000000012c                __FCTL3 = 0x12c
                0x0000000000000059                __CACTL1 = 0x59
                0x000000000000005a                __CACTL2 = 0x5a
                0x000000000000005b                __CAPD = 0x5b
                0x00000000000001a0                __ADC12CTL0 = 0x1a0
                0x00000000000001a2                __ADC12CTL1 = 0x1a2
                0x00000000000001a4                __ADC12IFG = 0x1a4
                0x00000000000001a6                __ADC12IE = 0x1a6
                0x00000000000001a8                __ADC12IV = 0x1a8
                0x0000000000000140                __ADC12MEM0 = 0x140
                0x0000000000000142                __ADC12MEM1 = 0x142
                0x0000000000000144                __ADC12MEM2 = 0x144
                0x0000000000000146                __ADC12MEM3 = 0x146
                0x0000000000000148                __ADC12MEM4 = 0x148
                0x000000000000014a                __ADC12MEM5 = 0x14a
                0x000000000000014c                __ADC12MEM6 = 0x14c
                0x000000000000014e                __ADC12MEM7 = 0x14e
                0x0000000000000150                __ADC12MEM8 = 0x150
                0x0000000000000152                __ADC12MEM9 = 0x152
                0x0000000000000154                __ADC12MEM10 = 0x154
                0x0000000000000156                __ADC12MEM11 = 0x156
                0x0000000000000158                __ADC12MEM12 = 0x158
                0x000000000000015a                __ADC12MEM13 = 0x15a
                0x000000000000015c                __ADC12MEM14 = 0x15c
                0x000000000000015e                __ADC12MEM15 = 0x15e
                0x0000000000000080                __ADC12MCTL0 = 0x80
                0x0000000000000081                __ADC12MCTL1 = 0x81
                0x0000000000000082                __ADC12MCTL2 = 0x82
                0x0000000000000083                __ADC12MCTL3 = 0x83
                0x0000000000000084                __ADC12MCTL4 = 0x84
                0x0000000000000085                __ADC12MCTL5 = 0x85
                0x0000000000000086                __ADC12MCTL6 = 0x86
                0x0000000000000087                __ADC12MCTL7 = 0x87
                0x0000000000000088                __ADC12MCTL8 = 0x88
                0x0000000000000089                __ADC12MCTL9 = 0x89
                0x000000000000008a                __ADC12MCTL10 = 0x8a
                0x000000000000008b                __ADC12MCTL11 = 0x8b
                0x000000000000008c                __ADC12MCTL12 = 0x8c
                0x000000000000008d                __ADC12MCTL13 = 0x8d
                0x000000000000008e                __ADC12MCTL14 = 0x8e
                0x000000000000008f                __ADC12MCTL15 = 0x8f
                0x00000000000001c0                __DAC12_0CTL = 0x1c0
                0x00000000000001c2                __DAC12_1CTL = 0x1c2
                0x00000000000001c8                __DAC12_0DAT = 0x1c8
                0x00000000000001ca                __DAC12_1DAT = 0x1ca
                0x0000000000000122                __DMACTL0 = 0x122
                0x0000000000000124                __DMACTL1 = 0x124
                0x00000000000001e0                __DMA0CTL = 0x1e0
                0x00000000000001e8                __DMA1CTL = 0x1e8
                0x00000000000001f0                __DMA2CTL = 0x1f0
                0x00000000000001e2                __DMA0SA = 0x1e2
                0x00000000000001e4                __DMA0DA = 0x1e4
                0x00000000000001e6                __DMA0SZ = 0x1e6
                0x00000000000001ea                __DMA1SA = 0x1ea
                0x00000000000001ec                __DMA1DA = 0x1ec
                0x00000000000001ee                __DMA1SZ = 0x1ee
                0x00000000000001f2                __DMA2SA = 0x1f2
                0x00000000000001f4                __DMA2DA = 0x1f4
                0x00000000000001f6                __DMA2SZ = 0x1f6

.hash
 *(.hash)

.dynsym
 *(.dynsym)

.dynstr
 *(.dynstr)

.gnu.version
 *(.gnu.version)

.gnu.version_d
 *(.gnu.version_d)

.gnu.version_r
 *(.gnu.version_r)

.rel.init
 *(.rel.init)

.rela.init
 *(.rela.init)

.rel.fini
 *(.rel.fini)

.rela.fini
 *(.rela.fini)

.rel.text
 *(.rel.text .rel.text.* .rel.gnu.linkonce.t.*)

.rela.text
 *(.rela.text .rela.text.* .rela.gnu.linkonce.t.*)

.rel.rodata
 *(.rel.rodata .rel.rodata.* .rel.gnu.linkonce.r.*)

.rela.rodata
 *(.rela.rodata .rela.rodata.* .rela.gnu.linkonce.r.*)

.rel.data
 *(.rel.data .rel.data.* .rel.gnu.linkonce.d.*)

.rela.data
 *(.rela.data .rela.data.* .rela.gnu.linkonce.d.*)

.rel.bss
 *(.rel.bss .rel.bss.* .rel.gnu.linkonce.b.*)

.rela.bss
 *(.rela.bss .rela.bss.* .rela.gnu.linkonce.b.*)

.rel.ctors
 *(.rel.ctors)

.rela.ctors
 *(.rela.ctors)

.rel.dtors
 *(.rel.dtors)

.rela.dtors
 *(.rela.dtors)

.rel.got
 *(.rel.got)

.rela.got
 *(.rela.got)

.rel.plt
 *(.rel.plt)

.rela.plt
 *(.rela.plt)

.text           0x0000000000004000     0x761c
                0x0000000000004000                . = ALIGN (0x2)
 *(.init .init.*)
 *(.init0)
 .init0         0x0000000000004000        0x0 /home/harishnr/NES/mspgcc-4.7.3/bin/../lib/gcc/msp430/4.7.3/mmpy-16/libcrt0.a(_reset_vector__.o)
                0x0000000000004000                _reset_vector__
 *(.init1)
 .init1         0x0000000000004000        0xc /home/harishnr/NES/mspgcc-4.7.3/bin/../lib/gcc/msp430/4.7.3/mmpy-16/libcrt0.a(__watchdog_support.o)
                0x0000000000004000                __watchdog_support
 *(.init2)
 .init2         0x000000000000400c        0x4 /home/harishnr/NES/mspgcc-4.7.3/bin/../lib/gcc/msp430/4.7.3/mmpy-16/libcrt0.a(__init_stack.o)
                0x000000000000400c                __init_stack
 *(.init3)
 .init3         0x0000000000004010        0x0 /home/harishnr/NES/mspgcc-4.7.3/bin/../lib/gcc/msp430/4.7.3/mmpy-16/libcrt0.a(__low_level_init.o)
                0x0000000000004010                __low_level_init
 *(.init4)
 .init4         0x0000000000004010       0x18 /home/harishnr/NES/mspgcc-4.7.3/bin/../lib/gcc/msp430/4.7.3/mmpy-16/libcrt0.a(_copy_data.o)
                0x0000000000004010                __do_copy_data
 .init4         0x0000000000004028       0x16 /home/harishnr/NES/mspgcc-4.7.3/bin/../lib/gcc/msp430/4.7.3/mmpy-16/libcrt0.a(_clear_bss.o)
                0x0000000000004028                __do_clear_bss
 *(.init5)
 *(.init6)
 *(.init7)
 *(.init8)
 *(.init9)
 .init9         0x000000000000403e      0x386 obj_sky/contiki-sky-main.o
                0x000000000000403e                main
 *(.fini9)
 .fini9         0x00000000000043c4        0x0 /home/harishnr/NES/mspgcc-4.7.3/bin/../lib/gcc/msp430/4.7.3/mmpy-16/libcrt0.a(__stop_progExec__.o)
                0x00000000000043c4                __stop_progExec__
 *(.fini8)
 *(.fini7)
 *(.fini6)
 *(.fini5)
 *(.fini4)
 *(.fini3)
 *(.fini2)
 *(.fini1)
 *(.fini0)
 .fini0         0x00000000000043c4        0x6 /home/harishnr/NES/mspgcc-4.7.3/bin/../lib/gcc/msp430/4.7.3/mmpy-16/libcrt0.a(_endless_loop__.o)
                0x00000000000043c4                _endless_loop__
 *(.fini .fini.*)
                0x00000000000043ca                . = ALIGN (0x2)
                0x00000000000043ca                __ctors_start = .
 *(.ctors)
                0x00000000000043ca                __ctors_end = .
                0x00000000000043ca                __dtors_start = .
 *(.dtors)
                0x00000000000043ca                __dtors_end = .
                0x00000000000043ca                . = ALIGN (0x2)
 *(.text .text.* .gnu.linkonce.t.*)
 .text          0x00000000000043ca        0x4 /home/harishnr/NES/mspgcc-4.7.3/bin/../lib/gcc/msp430/4.7.3/mmpy-16/crt0ivtbl16.o
                0x00000000000043ca                __isr_14
                0x00000000000043ca                __isr_11
                0x00000000000043ca                __isr_2
                0x00000000000043ca                __isr_7
                0x00000000000043ca                __isr_0
                0x00000000000043ca                __isr_8
                0x00000000000043ca                __isr_3
                0x00000000000043ca                __isr_12
                0x00000000000043ca                __isr_13
                0x00000000000043ca                __isr_9
 .text.printRouteTbl
                0x00000000000043ce       0x5e aodv.co
 .text.printDiscTbl
                0x000000000000442c       0x5a aodv.co
 .text.process_thread_seqno
                0x0000000000004486       0xec aodv.co
 .text.fwdrrep  0x0000000000004572       0x5a aodv.co
 .text.process_thread_est_conn
                0x00000000000045cc       0x8c aodv.co
 .text.broadcast_rreq
                0x0000000000004658       0xb8 aodv.co
 .text.unicast_data
                0x0000000000004710       0x30 aodv.co
 .text.unicast_rrep
                0x0000000000004740       0xe8 aodv.co
 .text.process_thread_rreq_pck
                0x0000000000004828       0xc8 aodv.co
 .text.process_thread_data_pck
                0x00000000000048f0      0x13c aodv.co
 .text.set_gateway
                0x0000000000004a2c       0x5a obj_sky/contiki-sky-main.o
 .text.start_network_layer
                0x0000000000004a86       0x3c obj_sky/contiki-sky-main.o
 .text.init_platform
                0x0000000000004ac2        0xc contiki-sky.a(contiki-sky-pla)
                0x0000000000004ac2                init_platform
 .text.status   0x0000000000004ace       0x18 contiki-sky.a(button-sensor.o)
 .text.value    0x0000000000004ae6       0x20 contiki-sky.a(button-sensor.o)
 .text.configure
                0x0000000000004b06       0x4c contiki-sky.a(button-sensor.o)
 .text.irq_p2   0x0000000000004b52       0x88 contiki-sky.a(button-sensor.o)
                0x0000000000004b52                irq_p2
                0x0000000000004b52                __isr_1
 .text.owreadb  0x0000000000004bda       0x50 contiki-sky.a(ds2411.o)
 .text.ds2411_init
                0x0000000000004c2a      0x120 contiki-sky.a(ds2411.o)
                0x0000000000004c2a                ds2411_init
 .text.wait_ready
                0x0000000000004d4a       0x4a contiki-sky.a(xmem.o)
 .text.xmem_init
                0x0000000000004d94       0x3c contiki-sky.a(xmem.o)
                0x0000000000004d94                xmem_init
 .text.xmem_pread
                0x0000000000004dd0       0xda contiki-sky.a(xmem.o)
                0x0000000000004dd0                xmem_pread
 .text.node_id_restore
                0x0000000000004eaa       0x38 contiki-sky.a(node-id.o)
                0x0000000000004eaa                node_id_restore
 .text.process_thread_sensors_process
                0x0000000000004ee2       0xc2 contiki-sky.a(sensors.o)
 .text.sensors_changed
                0x0000000000004fa4       0x2a contiki-sky.a(sensors.o)
                0x0000000000004fa4                sensors_changed
 .text.get_object
                0x0000000000004fce        0x4 contiki-sky.a(cc2420.o)
 .text.set_object
                0x0000000000004fd2        0x4 contiki-sky.a(cc2420.o)
 .text.strobe   0x0000000000004fd6       0x1c contiki-sky.a(cc2420.o)
 .text.getreg   0x0000000000004ff2       0x4c contiki-sky.a(cc2420.o)
 .text.setreg   0x000000000000503e       0x4c contiki-sky.a(cc2420.o)
 .text.write_ram
                0x000000000000508a       0x7c contiki-sky.a(cc2420.o)
 .text.write_fifo_buf
                0x0000000000005106       0x3c contiki-sky.a(cc2420.o)
 .text.get_status
                0x0000000000005142       0x20 contiki-sky.a(cc2420.o)
 .text.set_txpower
                0x0000000000005162       0x24 contiki-sky.a(cc2420.o)
 .text.cc2420_receiving_packet
                0x0000000000005186        0xc contiki-sky.a(cc2420.o)
 .text.pending_packet
                0x0000000000005192        0x8 contiki-sky.a(cc2420.o)
 .text.on       0x000000000000519a       0x1e contiki-sky.a(cc2420.o)
 .text.wait_for_transmission
                0x00000000000051b8       0x22 contiki-sky.a(cc2420.o)
 .text.wait_for_status
                0x00000000000051da       0x28 contiki-sky.a(cc2420.o)
 .text.getrxdata
                0x0000000000005202       0x50 contiki-sky.a(cc2420.o)
 .text.flushrx  0x0000000000005252       0x1a contiki-sky.a(cc2420.o)
 .text.off      0x000000000000526c       0x56 contiki-sky.a(cc2420.o)
 .text.RELEASE_LOCK
                0x00000000000052c2       0x28 contiki-sky.a(cc2420.o)
 .text.set_key  0x00000000000052ea       0x18 contiki-sky.a(cc2420.o)
 .text.cc2420_prepare
                0x0000000000005302       0x3c contiki-sky.a(cc2420.o)
 .text.cc2420_on
                0x000000000000533e       0x22 contiki-sky.a(cc2420.o)
                0x000000000000533e                cc2420_on
 .text.cc2420_off
                0x0000000000005360       0x30 contiki-sky.a(cc2420.o)
                0x0000000000005360                cc2420_off
 .text.cc2420_cca
                0x0000000000005390       0x68 contiki-sky.a(cc2420.o)
 .text.cc2420_read
                0x00000000000053f8       0xac contiki-sky.a(cc2420.o)
 .text.process_thread_cc2420_process
                0x00000000000054a4       0x54 contiki-sky.a(cc2420.o)
 .text.encrypt  0x00000000000054f8       0x88 contiki-sky.a(cc2420.o)
 .text.cc2420_set_channel
                0x0000000000005580       0x3c contiki-sky.a(cc2420.o)
                0x0000000000005580                cc2420_set_channel
 .text.cc2420_set_pan_addr
                0x00000000000055bc       0x4c contiki-sky.a(cc2420.o)
                0x00000000000055bc                cc2420_set_pan_addr
 .text.cc2420_interrupt
                0x0000000000005608       0x16 contiki-sky.a(cc2420.o)
                0x0000000000005608                cc2420_interrupt
 .text.cc2420_set_txpower
                0x000000000000561e        0xe contiki-sky.a(cc2420.o)
                0x000000000000561e                cc2420_set_txpower
 .text.cc2420_get_txpower
                0x000000000000562c       0x1e contiki-sky.a(cc2420.o)
                0x000000000000562c                cc2420_get_txpower
 .text.cc2420_transmit
                0x000000000000564a      0x12c contiki-sky.a(cc2420.o)
 .text.cc2420_send
                0x0000000000005776       0x12 contiki-sky.a(cc2420.o)
 .text.cc2420_rssi
                0x0000000000005788       0x4c contiki-sky.a(cc2420.o)
                0x0000000000005788                cc2420_rssi
 .text.get_value
                0x00000000000057d4       0xa8 contiki-sky.a(cc2420.o)
 .text.cc2420_set_cca_threshold
                0x000000000000587c       0x16 contiki-sky.a(cc2420.o)
                0x000000000000587c                cc2420_set_cca_threshold
 .text.set_value
                0x0000000000005892       0x86 contiki-sky.a(cc2420.o)
 .text.cc2420_init
                0x0000000000005918       0xd8 contiki-sky.a(cc2420.o)
                0x0000000000005918                cc2420_init
 .text.cc2420_port1_interrupt
                0x00000000000059f0       0x62 contiki-sky.a(cc2420-arch.o)
                0x00000000000059f0                __isr_4
                0x00000000000059f0                cc2420_port1_interrupt
 .text.cc2420_arch_init
                0x0000000000005a52       0x1a contiki-sky.a(cc2420-arch.o)
                0x0000000000005a52                cc2420_arch_init
 .text.handle_rxdma_timer
                0x0000000000005a6c       0x3a contiki-sky.a(uart1.o)
 .text.uart1_active
                0x0000000000005aa6       0x18 contiki-sky.a(uart1.o)
                0x0000000000005aa6                uart1_active
 .text.uart1_set_input
                0x0000000000005abe       0x20 contiki-sky.a(uart1.o)
                0x0000000000005abe                uart1_set_input
 .text.uart1_writeb
                0x0000000000005ade       0x18 contiki-sky.a(uart1.o)
                0x0000000000005ade                uart1_writeb
 .text.uart1_init
                0x0000000000005af6       0xf4 contiki-sky.a(uart1.o)
                0x0000000000005af6                uart1_init
 .text.slip_arch_writeb
                0x0000000000005bea        0x6 contiki-sky.a(slip_uart1.o)
                0x0000000000005bea                slip_arch_writeb
 .text.putchar  0x0000000000005bf0       0x3c contiki-sky.a(slip_uart1.o)
                0x0000000000005bf0                putchar
 .text.slip_arch_init
                0x0000000000005c2c        0xa contiki-sky.a(slip_uart1.o)
                0x0000000000005c2c                slip_arch_init
 .text.slip_set_input_callback
                0x0000000000005c36        0x6 contiki-sky.a(slip.o)
                0x0000000000005c36                slip_set_input_callback
 .text.slip_send
                0x0000000000005c3c       0x5e contiki-sky.a(slip.o)
                0x0000000000005c3c                slip_send
 .text.slip_write
                0x0000000000005c9a       0x5a contiki-sky.a(slip.o)
                0x0000000000005c9a                slip_write
 .text.process_thread_slip_process
                0x0000000000005cf4      0x1fc contiki-sky.a(slip.o)
 .text.slip_input_byte
                0x0000000000005ef0       0xbc contiki-sky.a(slip.o)
                0x0000000000005ef0                slip_input_byte
 .text.msp430_init_dco
                0x0000000000005fac       0x82 contiki-sky.a(msp430.o)
                0x0000000000005fac                msp430_init_dco
 .text.msp430_add_lpm_req
                0x000000000000602e        0xc contiki-sky.a(msp430.o)
                0x000000000000602e                msp430_add_lpm_req
 .text.msp430_cpu_init
                0x000000000000603a       0x2a contiki-sky.a(msp430.o)
                0x000000000000603a                msp430_cpu_init
 .text.splhigh_
                0x0000000000006064        0x8 contiki-sky.a(msp430.o)
                0x0000000000006064                splhigh_
 .text.msp430_sync_dco
                0x000000000000606c       0x6c contiki-sky.a(msp430.o)
                0x000000000000606c                msp430_sync_dco
 .text.timera1  0x00000000000060d8      0x11e contiki-sky.a(clock.o)
                0x00000000000060d8                __isr_5
                0x00000000000060d8                timera1
 .text.clock_time
                0x00000000000061f6       0x1a contiki-sky.a(clock.o)
                0x00000000000061f6                clock_time
 .text.clock_init
                0x0000000000006210       0x28 contiki-sky.a(clock.o)
                0x0000000000006210                clock_init
 .text.clock_delay
                0x0000000000006238        0xc contiki-sky.a(clock.o)
                0x0000000000006238                clock_delay
 .text.show_leds
                0x0000000000006244       0xf0 contiki-sky.a(leds.o)
 .text.leds_init
                0x0000000000006334        0xa contiki-sky.a(leds.o)
                0x0000000000006334                leds_init
 .text.leds_on  0x000000000000633e        0xa contiki-sky.a(leds.o)
                0x000000000000633e                leds_on
 .text.leds_off
                0x0000000000006348        0xe contiki-sky.a(leds.o)
                0x0000000000006348                leds_off
 .text.leds_arch_init
                0x0000000000006356        0xe contiki-sky.a(leds-arch.o)
                0x0000000000006356                leds_arch_init
 .text.leds_arch_set
                0x0000000000006364       0x38 contiki-sky.a(leds-arch.o)
                0x0000000000006364                leds_arch_set
 .text.watchdog_interrupt
                0x000000000000639c        0x6 contiki-sky.a(watchdog.o)
                0x000000000000639c                __isr_10
                0x000000000000639c                watchdog_interrupt
 .text.watchdog_start
                0x00000000000063a2       0x14 contiki-sky.a(watchdog.o)
                0x00000000000063a2                watchdog_start
 .text.watchdog_periodic
                0x00000000000063b6       0x12 contiki-sky.a(watchdog.o)
                0x00000000000063b6                watchdog_periodic
 .text.watchdog_stop
                0x00000000000063c8       0x16 contiki-sky.a(watchdog.o)
                0x00000000000063c8                watchdog_stop
 .text.watchdog_init
                0x00000000000063de       0x12 contiki-sky.a(watchdog.o)
                0x00000000000063de                watchdog_init
 .text.rtimer_arch_init
                0x00000000000063f0        0xe contiki-sky.a(rtimer-arch.o)
                0x00000000000063f0                rtimer_arch_init
 .text.rtimer_arch_now
                0x00000000000063fe        0xe contiki-sky.a(rtimer-arch.o)
                0x00000000000063fe                rtimer_arch_now
 .text.timera0  0x000000000000640c       0x70 contiki-sky.a(rtimer-arch.o)
                0x000000000000640c                __isr_6
                0x000000000000640c                timera0
 .text.rtimer_arch_schedule
                0x000000000000647c        0x6 contiki-sky.a(rtimer-arch.o)
                0x000000000000647c                rtimer_arch_schedule
 .text.autostart_start
                0x0000000000006482       0x16 contiki-sky.a(autostart.o)
                0x0000000000006482                autostart_start
 .text.process_thread_ctimer_process
                0x0000000000006498       0xa8 contiki-sky.a(ctimer.o)
 .text.ctimer_init
                0x0000000000006540       0x18 contiki-sky.a(ctimer.o)
                0x0000000000006540                ctimer_init
 .text.ctimer_set
                0x0000000000006558       0x50 contiki-sky.a(ctimer.o)
                0x0000000000006558                ctimer_set
 .text.ctimer_reset
                0x00000000000065a8       0x30 contiki-sky.a(ctimer.o)
                0x00000000000065a8                ctimer_reset
 .text.ctimer_stop
                0x00000000000065d8       0x28 contiki-sky.a(ctimer.o)
                0x00000000000065d8                ctimer_stop
 .text.energest_init
                0x0000000000006600       0x26 contiki-sky.a(energest.o)
                0x0000000000006600                energest_init
 .text.energest_type_time
                0x0000000000006626       0x48 contiki-sky.a(energest.o)
                0x0000000000006626                energest_type_time
 .text.energest_type_set
                0x000000000000666e        0xe contiki-sky.a(energest.o)
                0x000000000000666e                energest_type_set
 .text.energest_flush
                0x000000000000667c       0x48 contiki-sky.a(energest.o)
                0x000000000000667c                energest_flush
 .text.update_time
                0x00000000000066c4       0x78 contiki-sky.a(etimer.o)
 .text.etimer_request_poll
                0x000000000000673c        0xa contiki-sky.a(etimer.o)
                0x000000000000673c                etimer_request_poll
 .text.process_thread_etimer_process
                0x0000000000006746       0xcc contiki-sky.a(etimer.o)
 .text.add_timer
                0x0000000000006812       0x40 contiki-sky.a(etimer.o)
 .text.etimer_set
                0x0000000000006852       0x12 contiki-sky.a(etimer.o)
                0x0000000000006852                etimer_set
 .text.etimer_reset
                0x0000000000006864       0x12 contiki-sky.a(etimer.o)
                0x0000000000006864                etimer_reset
 .text.etimer_restart
                0x0000000000006876       0x12 contiki-sky.a(etimer.o)
                0x0000000000006876                etimer_restart
 .text.etimer_expired
                0x0000000000006888        0xe contiki-sky.a(etimer.o)
                0x0000000000006888                etimer_expired
 .text.etimer_pending
                0x0000000000006896        0xc contiki-sky.a(etimer.o)
                0x0000000000006896                etimer_pending
 .text.etimer_next_expiration_time
                0x00000000000068a2       0x16 contiki-sky.a(etimer.o)
                0x00000000000068a2                etimer_next_expiration_time
 .text.etimer_stop
                0x00000000000068b8       0x3e contiki-sky.a(etimer.o)
                0x00000000000068b8                etimer_stop
 .text.call_process
                0x00000000000068f6       0x46 contiki-sky.a(process.o)
 .text.exit_process
                0x000000000000693c       0x96 contiki-sky.a(process.o)
 .text.do_poll  0x00000000000069d2       0x30 contiki-sky.a(process.o)
 .text.process_alloc_event
                0x0000000000006a02        0xe contiki-sky.a(process.o)
                0x0000000000006a02                process_alloc_event
 .text.process_init
                0x0000000000006a10       0x1c contiki-sky.a(process.o)
                0x0000000000006a10                process_init
 .text.process_run
                0x0000000000006a2c       0xa2 contiki-sky.a(process.o)
                0x0000000000006a2c                process_run
 .text.process_nevents
                0x0000000000006ace        0xe contiki-sky.a(process.o)
                0x0000000000006ace                process_nevents
 .text.process_post
                0x0000000000006adc       0x54 contiki-sky.a(process.o)
                0x0000000000006adc                process_post
 .text.process_post_synch
                0x0000000000006b30       0x12 contiki-sky.a(process.o)
                0x0000000000006b30                process_post_synch
 .text.process_start
                0x0000000000006b42       0x36 contiki-sky.a(process.o)
                0x0000000000006b42                process_start
 .text.process_poll
                0x0000000000006b78       0x18 contiki-sky.a(process.o)
                0x0000000000006b78                process_poll
 .text.rtimer_init
                0x0000000000006b90        0x6 contiki-sky.a(rtimer.o)
                0x0000000000006b90                rtimer_init
 .text.rtimer_set
                0x0000000000006b96       0x24 contiki-sky.a(rtimer.o)
                0x0000000000006b96                rtimer_set
 .text.rtimer_run_next
                0x0000000000006bba       0x26 contiki-sky.a(rtimer.o)
                0x0000000000006bba                rtimer_run_next
 .text.timer_set
                0x0000000000006be0       0x1c contiki-sky.a(timer.o)
                0x0000000000006be0                timer_set
 .text.timer_reset
                0x0000000000006bfc        0xe contiki-sky.a(timer.o)
                0x0000000000006bfc                timer_reset
 .text.timer_restart
                0x0000000000006c0a       0x14 contiki-sky.a(timer.o)
                0x0000000000006c0a                timer_restart
 .text.timer_expired
                0x0000000000006c1e       0x2a contiki-sky.a(timer.o)
                0x0000000000006c1e                timer_expired
 .text.list_init
                0x0000000000006c48        0x6 contiki-sky.a(list.o)
                0x0000000000006c48                list_init
 .text.list_head
                0x0000000000006c4e        0x4 contiki-sky.a(list.o)
                0x0000000000006c4e                list_head
 .text.list_tail
                0x0000000000006c52       0x12 contiki-sky.a(list.o)
                0x0000000000006c52                list_tail
 .text.list_chop
                0x0000000000006c64       0x1a contiki-sky.a(list.o)
                0x0000000000006c64                list_chop
 .text.list_remove
                0x0000000000006c7e       0x34 contiki-sky.a(list.o)
                0x0000000000006c7e                list_remove
 .text.list_push
                0x0000000000006cb2       0x1a contiki-sky.a(list.o)
                0x0000000000006cb2                list_push
 .text.list_add
                0x0000000000006ccc       0x2a contiki-sky.a(list.o)
                0x0000000000006ccc                list_add
 .text.list_length
                0x0000000000006cf6       0x10 contiki-sky.a(list.o)
                0x0000000000006cf6                list_length
 .text.list_item_next
                0x0000000000006d06        0xc contiki-sky.a(list.o)
                0x0000000000006d06                list_item_next
 .text.random_init
                0x0000000000006d12        0x6 contiki-sky.a(random.o)
                0x0000000000006d12                random_init
 .text.random_rand
                0x0000000000006d18        0x6 contiki-sky.a(random.o)
                0x0000000000006d18                random_rand
 .text.chksum   0x0000000000006d1e       0x32 contiki-sky.a(uip.o)
 .text.upper_layer_chksum
                0x0000000000006d50       0x42 contiki-sky.a(uip.o)
 .text.uip_add32
                0x0000000000006d92       0x68 contiki-sky.a(uip.o)
                0x0000000000006d92                uip_add32
 .text.uip_add_rcv_nxt
                0x0000000000006dfa       0x2c contiki-sky.a(uip.o)
 .text.uip_chksum
                0x0000000000006e26       0x18 contiki-sky.a(uip.o)
                0x0000000000006e26                uip_chksum
 .text.uip_tcpchksum
                0x0000000000006e3e        0xa contiki-sky.a(uip.o)
                0x0000000000006e3e                uip_tcpchksum
 .text.uip_udpchksum
                0x0000000000006e48        0xa contiki-sky.a(uip.o)
                0x0000000000006e48                uip_udpchksum
 .text.uip_init
                0x0000000000006e52       0x50 contiki-sky.a(uip.o)
                0x0000000000006e52                uip_init
 .text.uip_unlisten
                0x0000000000006ea2       0x2a contiki-sky.a(uip.o)
                0x0000000000006ea2                uip_unlisten
 .text.uip_process
                0x0000000000006ecc      0xc7e contiki-sky.a(uip.o)
                0x0000000000006ecc                uip_process
 .text.uip_htons
                0x0000000000007b4a        0xc contiki-sky.a(uip.o)
                0x0000000000007b4a                uip_htons
 .text.uip_fw_output
                0x0000000000007b56       0xf4 contiki-sky.a(uip-fw.o)
                0x0000000000007b56                uip_fw_output
 .text.uip_fw_forward
                0x0000000000007c4a      0x15e contiki-sky.a(uip-fw.o)
                0x0000000000007c4a                uip_fw_forward
 .text.uip_fw_default
                0x0000000000007da8        0x6 contiki-sky.a(uip-fw.o)
                0x0000000000007da8                uip_fw_default
 .text.uip_fw_periodic
                0x0000000000007dae       0x1c contiki-sky.a(uip-fw.o)
                0x0000000000007dae                uip_fw_periodic
 .text.process_thread_uip_fw_process
                0x0000000000007dca       0x3c contiki-sky.a(uip-fw-drv.o)
 .text.timedout
                0x0000000000007e06       0x12 contiki-sky.a(uip-over-mesh.o)
 .text.recv_data
                0x0000000000007e18       0x72 contiki-sky.a(uip-over-mesh.o)
 .text.new_route
                0x0000000000007e8a       0x36 contiki-sky.a(uip-over-mesh.o)
 .text.uip_over_mesh_init
                0x0000000000007ec0       0x54 contiki-sky.a(uip-over-mesh.o)
                0x0000000000007ec0                uip_over_mesh_init
 .text.uip_over_mesh_send
                0x0000000000007f14       0xe8 contiki-sky.a(uip-over-mesh.o)
                0x0000000000007f14                uip_over_mesh_send
 .text.uip_over_mesh_set_gateway_netif
                0x0000000000007ffc        0x6 contiki-sky.a(uip-over-mesh.o)
                0x0000000000007ffc                uip_over_mesh_set_gateway_netif
 .text.uip_over_mesh_set_gateway
                0x0000000000008002        0xc contiki-sky.a(uip-over-mesh.o)
                0x0000000000008002                uip_over_mesh_set_gateway
 .text.gateway_announce_recv
                0x000000000000800e       0x10 contiki-sky.a(uip-over-mesh.o)
 .text.uip_over_mesh_make_announced_gateway
                0x000000000000801e       0x32 contiki-sky.a(uip-over-mesh.o)
                0x000000000000801e                uip_over_mesh_make_announced_gateway
 .text.uip_over_mesh_set_net
                0x0000000000008050       0x16 contiki-sky.a(uip-over-mesh.o)
                0x0000000000008050                uip_over_mesh_set_net
 .text.start_periodic_tcp_timer
                0x0000000000008066       0x16 contiki-sky.a(tcpip.o)
 .text.tcpip_output
                0x000000000000807c       0x10 contiki-sky.a(tcpip.o)
                0x000000000000807c                tcpip_output
 .text.process_thread_tcpip_process
                0x000000000000808c      0x1ce contiki-sky.a(tcpip.o)
 .text.tcpip_set_outputfunc
                0x000000000000825a        0x6 contiki-sky.a(tcpip.o)
                0x000000000000825a                tcpip_set_outputfunc
 .text.tcpip_input
                0x0000000000008260       0x12 contiki-sky.a(tcpip.o)
                0x0000000000008260                tcpip_input
 .text.tcpip_uipcall
                0x0000000000008272       0x70 contiki-sky.a(tcpip.o)
                0x0000000000008272                tcpip_uipcall
 .text.sent_by_abc
                0x00000000000082e2       0x10 contiki-sky.a(broadcast.o)
 .text.recv_from_abc
                0x00000000000082f2       0x26 contiki-sky.a(broadcast.o)
 .text.broadcast_open
                0x0000000000008318       0x2a contiki-sky.a(broadcast.o)
                0x0000000000008318                broadcast_open
 .text.broadcast_close
                0x0000000000008342        0x6 contiki-sky.a(broadcast.o)
                0x0000000000008342                broadcast_close
 .text.broadcast_send
                0x0000000000008348       0x1a contiki-sky.a(broadcast.o)
                0x0000000000008348                broadcast_send
 .text.channel_init
                0x0000000000008362        0xa contiki-sky.a(channel.o)
                0x0000000000008362                channel_init
 .text.channel_open
                0x000000000000836c       0x10 contiki-sky.a(channel.o)
                0x000000000000836c                channel_open
 .text.channel_close
                0x000000000000837c        0xc contiki-sky.a(channel.o)
                0x000000000000837c                channel_close
 .text.channel_lookup
                0x0000000000008388       0x20 contiki-sky.a(channel.o)
                0x0000000000008388                channel_lookup
 .text.channel_set_attributes
                0x00000000000083a8       0x24 contiki-sky.a(channel.o)
                0x00000000000083a8                channel_set_attributes
 .text.input    0x00000000000083cc       0x3a contiki-sky.a(rime.o)
 .text.init     0x0000000000008406       0x2e contiki-sky.a(rime.o)
 .text.packet_sent
                0x0000000000008434       0x44 contiki-sky.a(rime.o)
 .text.rime_output
                0x0000000000008478       0x24 contiki-sky.a(rime.o)
                0x0000000000008478                rime_output
 .text.periodic
                0x000000000000849c       0x58 contiki-sky.a(route.o)
 .text.route_init
                0x00000000000084f4       0x28 contiki-sky.a(route.o)
                0x00000000000084f4                route_init
 .text.route_lookup
                0x000000000000851c       0x4c contiki-sky.a(route.o)
                0x000000000000851c                route_lookup
 .text.route_add
                0x0000000000008568       0x88 contiki-sky.a(route.o)
                0x0000000000008568                route_add
 .text.route_refresh
                0x00000000000085f0        0xe contiki-sky.a(route.o)
                0x00000000000085f0                route_refresh
 .text.route_remove
                0x00000000000085fe       0x1c contiki-sky.a(route.o)
                0x00000000000085fe                route_remove
 .text.route_decay
                0x000000000000861a       0x22 contiki-sky.a(route.o)
                0x000000000000861a                route_decay
 .text.route_set_lifetime
                0x000000000000863c        0x6 contiki-sky.a(route.o)
                0x000000000000863c                route_set_lifetime
 .text.timeout_handler
                0x0000000000008642       0x14 contiki-sky.a(route-discovery)
 .text.rreq_packet_received
                0x0000000000008656       0xca contiki-sky.a(route-discovery)
 .text.rrep_packet_received
                0x0000000000008720       0x9a contiki-sky.a(route-discovery)
 .text.route_discovery_open
                0x00000000000087ba       0x30 contiki-sky.a(route-discovery)
                0x00000000000087ba                route_discovery_open
 .text.route_discovery_discover
                0x00000000000087ea       0x6e contiki-sky.a(route-discovery)
                0x00000000000087ea                route_discovery_discover
 .text.send     0x0000000000008858       0x1a contiki-sky.a(trickle.o)
 .text.run_trickle
                0x0000000000008872       0xc4 contiki-sky.a(trickle.o)
 .text.recv     0x0000000000008936       0x86 contiki-sky.a(trickle.o)
 .text.timer_callback
                0x00000000000089bc        0x6 contiki-sky.a(trickle.o)
 .text.trickle_open
                0x00000000000089c2       0x44 contiki-sky.a(trickle.o)
                0x00000000000089c2                trickle_open
 .text.trickle_send
                0x0000000000008a06       0x3e contiki-sky.a(trickle.o)
                0x0000000000008a06                trickle_send
 .text.sent_by_broadcast
                0x0000000000008a44       0x10 contiki-sky.a(unicast.o)
 .text.recv_from_broadcast
                0x0000000000008a54       0x2e contiki-sky.a(unicast.o)
 .text.unicast_open
                0x0000000000008a82       0x2a contiki-sky.a(unicast.o)
                0x0000000000008a82                unicast_open
 .text.unicast_close
                0x0000000000008aac        0x6 contiki-sky.a(unicast.o)
                0x0000000000008aac                unicast_close
 .text.unicast_send
                0x0000000000008ab2       0x16 contiki-sky.a(unicast.o)
                0x0000000000008ab2                unicast_send
 .text.input_packet
                0x0000000000008ac8        0x6 contiki-sky.a(csma.o)
 .text.on       0x0000000000008ace        0x6 contiki-sky.a(csma.o)
 .text.off      0x0000000000008ad4        0x6 contiki-sky.a(csma.o)
 .text.channel_check_interval
                0x0000000000008ada       0x10 contiki-sky.a(csma.o)
 .text.transmit_packet_list
                0x0000000000008aea       0x24 contiki-sky.a(csma.o)
 .text.init     0x0000000000008b0e       0x1a contiki-sky.a(csma.o)
 .text.send_packet
                0x0000000000008b28      0x184 contiki-sky.a(csma.o)
 .text.free_packet
                0x0000000000008cac       0x98 contiki-sky.a(csma.o)
 .text.packet_sent
                0x0000000000008d44      0x130 contiki-sky.a(csma.o)
 .text.mac_call_sent_callback
                0x0000000000008e74       0x14 contiki-sky.a(mac.o)
                0x0000000000008e74                mac_call_sent_callback
 .text.linkaddr_copy
                0x0000000000008e88        0xc contiki-sky.a(linkaddr.o)
                0x0000000000008e88                linkaddr_copy
 .text.linkaddr_cmp
                0x0000000000008e94       0x12 contiki-sky.a(linkaddr.o)
                0x0000000000008e94                linkaddr_cmp
 .text.linkaddr_set_node_addr
                0x0000000000008ea6        0xc contiki-sky.a(linkaddr.o)
                0x0000000000008ea6                linkaddr_set_node_addr
 .text.packetbuf_compact
                0x0000000000008eb2       0x2e contiki-sky.a(packetbuf.o)
                0x0000000000008eb2                packetbuf_compact
 .text.packetbuf_copyto
                0x0000000000008ee0       0x52 contiki-sky.a(packetbuf.o)
                0x0000000000008ee0                packetbuf_copyto
 .text.packetbuf_hdrreduce
                0x0000000000008f32       0x1a contiki-sky.a(packetbuf.o)
                0x0000000000008f32                packetbuf_hdrreduce
 .text.packetbuf_set_datalen
                0x0000000000008f4c        0x6 contiki-sky.a(packetbuf.o)
                0x0000000000008f4c                packetbuf_set_datalen
 .text.packetbuf_dataptr
                0x0000000000008f52        0xe contiki-sky.a(packetbuf.o)
                0x0000000000008f52                packetbuf_dataptr
 .text.packetbuf_hdrptr
                0x0000000000008f60        0xa contiki-sky.a(packetbuf.o)
                0x0000000000008f60                packetbuf_hdrptr
 .text.packetbuf_datalen
                0x0000000000008f6a        0x6 contiki-sky.a(packetbuf.o)
                0x0000000000008f6a                packetbuf_datalen
 .text.packetbuf_hdrlen
                0x0000000000008f70       0x10 contiki-sky.a(packetbuf.o)
                0x0000000000008f70                packetbuf_hdrlen
 .text.packetbuf_totlen
                0x0000000000008f80        0xc contiki-sky.a(packetbuf.o)
                0x0000000000008f80                packetbuf_totlen
 .text.packetbuf_hdralloc
                0x0000000000008f8c       0x2e contiki-sky.a(packetbuf.o)
                0x0000000000008f8c                packetbuf_hdralloc
 .text.packetbuf_attr_clear
                0x0000000000008fba       0x2c contiki-sky.a(packetbuf.o)
                0x0000000000008fba                packetbuf_attr_clear
 .text.packetbuf_clear
                0x0000000000008fe6       0x1a contiki-sky.a(packetbuf.o)
                0x0000000000008fe6                packetbuf_clear
 .text.packetbuf_copyfrom
                0x0000000000009000       0x2e contiki-sky.a(packetbuf.o)
                0x0000000000009000                packetbuf_copyfrom
 .text.packetbuf_attr_copyto
                0x000000000000902e       0x20 contiki-sky.a(packetbuf.o)
                0x000000000000902e                packetbuf_attr_copyto
 .text.packetbuf_attr_copyfrom
                0x000000000000904e       0x22 contiki-sky.a(packetbuf.o)
                0x000000000000904e                packetbuf_attr_copyfrom
 .text.packetbuf_holds_broadcast
                0x0000000000009070        0xe contiki-sky.a(packetbuf.o)
                0x0000000000009070                packetbuf_holds_broadcast
 .text.queuebuf_init
                0x000000000000907e       0x12 contiki-sky.a(queuebuf.o)
                0x000000000000907e                queuebuf_init
 .text.queuebuf_new_from_packetbuf
                0x0000000000009090       0x52 contiki-sky.a(queuebuf.o)
                0x0000000000009090                queuebuf_new_from_packetbuf
 .text.queuebuf_update_attr_from_packetbuf
                0x00000000000090e2       0x12 contiki-sky.a(queuebuf.o)
                0x00000000000090e2                queuebuf_update_attr_from_packetbuf
 .text.queuebuf_update_from_packetbuf
                0x00000000000090f4       0x22 contiki-sky.a(queuebuf.o)
                0x00000000000090f4                queuebuf_update_from_packetbuf
 .text.queuebuf_free
                0x0000000000009116       0x2a contiki-sky.a(queuebuf.o)
                0x0000000000009116                queuebuf_free
 .text.queuebuf_to_packetbuf
                0x0000000000009140       0x32 contiki-sky.a(queuebuf.o)
                0x0000000000009140                queuebuf_to_packetbuf
 .text.queuebuf_dataptr
                0x0000000000009172       0x1c contiki-sky.a(queuebuf.o)
                0x0000000000009172                queuebuf_dataptr
 .text.queuebuf_datalen
                0x000000000000918e        0x8 contiki-sky.a(queuebuf.o)
                0x000000000000918e                queuebuf_datalen
 .text.queuebuf_attr
                0x0000000000009196        0xe contiki-sky.a(queuebuf.o)
                0x0000000000009196                queuebuf_attr
 .text.duty_cycle
                0x00000000000091a4        0x6 contiki-sky.a(contikimac.o)
 .text.init     0x00000000000091aa       0x2a contiki-sky.a(contikimac.o)
 .text.on       0x00000000000091d4       0x1a contiki-sky.a(contikimac.o)
 .text.off      0x00000000000091ee       0x22 contiki-sky.a(contikimac.o)
 .text.recv_burst_off
                0x0000000000009210        0xa contiki-sky.a(contikimac.o)
 .text.turn_off
                0x000000000000921a       0x20 contiki-sky.a(contikimac.o)
 .text.turn_on  0x000000000000923a       0x30 contiki-sky.a(contikimac.o)
 .text.schedule_powercycle_fixed.part.4
                0x000000000000926a       0x34 contiki-sky.a(contikimac.o)
 .text.powercycle_turn_radio_off
                0x000000000000929e       0x30 contiki-sky.a(contikimac.o)
 .text.input_packet
                0x00000000000092ce       0xb6 contiki-sky.a(contikimac.o)
 .text.send_packet.isra.7
                0x0000000000009384      0x20c contiki-sky.a(contikimac.o)
 .text.qsend_list
                0x0000000000009590       0xc4 contiki-sky.a(contikimac.o)
 .text.qsend_packet
                0x0000000000009654       0x28 contiki-sky.a(contikimac.o)
 .text.powercycle
                0x000000000000967c      0x1d6 contiki-sky.a(contikimac.o)
 .text.hdr_length
                0x0000000000009852        0x8 contiki-sky.a(contikimac-fram)
 .text.parse    0x000000000000985a       0x3e contiki-sky.a(contikimac-fram)
 .text.create   0x0000000000009898       0x26 contiki-sky.a(contikimac-fram)
 .text.create_and_secure
                0x00000000000098be       0x6a contiki-sky.a(contikimac-fram)
 .text.bootstrap
                0x0000000000009928        0x4 contiki-sky.a(nullsec.o)
 .text.send     0x000000000000992c        0xa contiki-sky.a(nullsec.o)
 .text.on_frame_created
                0x0000000000009936        0x4 contiki-sky.a(nullsec.o)
 .text.input    0x000000000000993a        0x6 contiki-sky.a(nullsec.o)
 .text.get_overhead
                0x0000000000009940        0x4 contiki-sky.a(nullsec.o)
 .text.spi_init
                0x0000000000009944       0x30 contiki-sky.a(spi.o)
                0x0000000000009944                spi_init
 .text.uip_ipchksum
                0x0000000000009974       0x32 contiki-sky.a(uip-ipchksum.o)
                0x0000000000009974                uip_ipchksum
 .text.compower_accumulate
                0x00000000000099a6       0x72 contiki-sky.a(compower.o)
                0x00000000000099a6                compower_accumulate
 .text.compower_clear
                0x0000000000009a18       0x12 contiki-sky.a(compower.o)
                0x0000000000009a18                compower_clear
 .text.compower_attrconv
                0x0000000000009a2a       0x10 contiki-sky.a(compower.o)
                0x0000000000009a2a                compower_attrconv
 .text.memb_init
                0x0000000000009a3a       0x36 contiki-sky.a(memb.o)
                0x0000000000009a3a                memb_init
 .text.memb_alloc
                0x0000000000009a70       0x3e contiki-sky.a(memb.o)
                0x0000000000009a70                memb_alloc
 .text.memb_free
                0x0000000000009aae       0x3a contiki-sky.a(memb.o)
                0x0000000000009aae                memb_free
 .text.memb_inmemb
                0x0000000000009ae8       0x2a contiki-sky.a(memb.o)
                0x0000000000009ae8                memb_inmemb
 .text.abc_open
                0x0000000000009b12       0x26 contiki-sky.a(abc.o)
                0x0000000000009b12                abc_open
 .text.abc_close
                0x0000000000009b38        0x6 contiki-sky.a(abc.o)
                0x0000000000009b38                abc_close
 .text.abc_send
                0x0000000000009b3e        0x6 contiki-sky.a(abc.o)
                0x0000000000009b3e                abc_send
 .text.abc_input
                0x0000000000009b44        0xe contiki-sky.a(abc.o)
                0x0000000000009b44                abc_input
 .text.abc_sent
                0x0000000000009b52       0x10 contiki-sky.a(abc.o)
                0x0000000000009b52                abc_sent
 .text.announcement_init
                0x0000000000009b62        0xa contiki-sky.a(announcement.o)
                0x0000000000009b62                announcement_init
 .text.announcement_register_observer_callback
                0x0000000000009b6c        0x6 contiki-sky.a(announcement.o)
                0x0000000000009b6c                announcement_register_observer_callback
 .text.announcement_list
                0x0000000000009b72        0xa contiki-sky.a(announcement.o)
                0x0000000000009b72                announcement_list
 .text.announcement_heard
                0x0000000000009b7c       0x42 contiki-sky.a(announcement.o)
                0x0000000000009b7c                announcement_heard
 .text.adv_packet_sent
                0x0000000000009bbe        0x2 contiki-sky.a(broadcast-annou)
 .text.adv_packet_received
                0x0000000000009bc0       0x64 contiki-sky.a(broadcast-annou)
 .text.set_timers
                0x0000000000009c24       0x4a contiki-sky.a(broadcast-annou)
 .text.send_timer
                0x0000000000009c6e       0x32 contiki-sky.a(broadcast-annou)
 .text.send_adv
                0x0000000000009ca0       0x66 contiki-sky.a(broadcast-annou)
 .text.new_announcement
                0x0000000000009d06       0x18 contiki-sky.a(broadcast-annou)
 .text.broadcast_announcement_init
                0x0000000000009d1e       0x48 contiki-sky.a(broadcast-annou)
                0x0000000000009d1e                broadcast_announcement_init
 .text.chameleon_init
                0x0000000000009d66        0x6 contiki-sky.a(chameleon.o)
                0x0000000000009d66                chameleon_init
 .text.chameleon_parse
                0x0000000000009d6c       0x10 contiki-sky.a(chameleon.o)
                0x0000000000009d6c                chameleon_parse
 .text.chameleon_create
                0x0000000000009d7c       0x1c contiki-sky.a(chameleon.o)
                0x0000000000009d7c                chameleon_create
 .text.chameleon_hdrsize
                0x0000000000009d98        0x6 contiki-sky.a(chameleon.o)
                0x0000000000009d98                chameleon_hdrsize
 .text.sent     0x0000000000009d9e       0x10 contiki-sky.a(netflood.o)
 .text.dropped  0x0000000000009dae       0x10 contiki-sky.a(netflood.o)
 .text.recv_from_ipolite
                0x0000000000009dbe       0xee contiki-sky.a(netflood.o)
 .text.netflood_open
                0x0000000000009eac       0x2e contiki-sky.a(netflood.o)
                0x0000000000009eac                netflood_open
 .text.netflood_send
                0x0000000000009eda       0x62 contiki-sky.a(netflood.o)
                0x0000000000009eda                netflood_send
 .text.create_frame.isra.0
                0x0000000000009f3c      0x104 contiki-sky.a(framer-802154.o)
 .text.create   0x000000000000a040        0x8 contiki-sky.a(framer-802154.o)
 .text.hdr_length
                0x000000000000a048        0x8 contiki-sky.a(framer-802154.o)
 .text.parse    0x000000000000a050       0xa4 contiki-sky.a(framer-802154.o)
 .text.framer_canonical_create_and_secure
                0x000000000000a0f4       0x20 contiki-sky.a(framer.o)
                0x000000000000a0f4                framer_canonical_create_and_secure
 .text.mac_sequence_is_duplicate
                0x000000000000a114       0x3c contiki-sky.a(mac-sequence.o)
                0x000000000000a114                mac_sequence_is_duplicate
 .text.mac_sequence_register_seqno
                0x000000000000a150       0x5c contiki-sky.a(mac-sequence.o)
                0x000000000000a150                mac_sequence_register_seqno
 .text.header_size
                0x000000000000a1ac       0x16 contiki-sky.a(chameleon-bitop)
 .text.get_bits_in_byte
                0x000000000000a1c2       0x3a contiki-sky.a(chameleon-bitop)
                0x000000000000a1c2                get_bits_in_byte
 .text.get_bits
                0x000000000000a1fc       0xa2 contiki-sky.a(chameleon-bitop)
                0x000000000000a1fc                get_bits
 .text.unpack_header
                0x000000000000a29e       0xd2 contiki-sky.a(chameleon-bitop)
 .text.set_bits_in_byte
                0x000000000000a370       0x2c contiki-sky.a(chameleon-bitop)
                0x000000000000a370                set_bits_in_byte
 .text.set_bits
                0x000000000000a39c       0xc8 contiki-sky.a(chameleon-bitop)
                0x000000000000a39c                set_bits
 .text.pack_header
                0x000000000000a464       0xbe contiki-sky.a(chameleon-bitop)
 .text.sent     0x000000000000a522        0x2 contiki-sky.a(ipolite.o)
 .text.send     0x000000000000a524       0x36 contiki-sky.a(ipolite.o)
 .text.recv     0x000000000000a55a       0xa6 contiki-sky.a(ipolite.o)
 .text.ipolite_open
                0x000000000000a600       0x24 contiki-sky.a(ipolite.o)
                0x000000000000a600                ipolite_open
 .text.ipolite_send
                0x000000000000a624       0xaa contiki-sky.a(ipolite.o)
                0x000000000000a624                ipolite_send
 .text.field_len
                0x000000000000a6ce       0x90 contiki-sky.a(frame802154.o)
 .text.frame802154_hdrlen
                0x000000000000a75e       0x2e contiki-sky.a(frame802154.o)
                0x000000000000a75e                frame802154_hdrlen
 .text.frame802154_create
                0x000000000000a78c      0x146 contiki-sky.a(frame802154.o)
                0x000000000000a78c                frame802154_create
 .text.frame802154_parse
                0x000000000000a8d2      0x1ba contiki-sky.a(frame802154.o)
                0x000000000000a8d2                frame802154_parse
 .text.libgcc   0x000000000000aa8c       0x2c /home/harishnr/NES/mspgcc-4.7.3/bin/../lib/gcc/msp430/4.7.3/mmpy-16/libgcc.a(_mulsi3.o)
                0x000000000000aa8c                __mulsi3
 .text.libgcc   0x000000000000aab8       0x40 /home/harishnr/NES/mspgcc-4.7.3/bin/../lib/gcc/msp430/4.7.3/mmpy-16/libgcc.a(_udivmod32.o)
                0x000000000000aab8                __udivsi3
                0x000000000000aab8                __ext_udivmod32
                0x000000000000aaee                __umodsi3
 .text.printf   0x000000000000aaf8       0x10 /home/harishnr/NES/mspgcc-4.7.3/bin/../lib/gcc/msp430/4.7.3/../../../../msp430/lib/mmpy-16/libc.a(printf.o)
                0x000000000000aaf8                printf
 .text.print_field
                0x000000000000ab08      0x194 /home/harishnr/NES/mspgcc-4.7.3/bin/../lib/gcc/msp430/4.7.3/../../../../msp430/lib/mmpy-16/libc.a(vuprintf.o)
 .text.vuprintf
                0x000000000000ac9c      0x63e /home/harishnr/NES/mspgcc-4.7.3/bin/../lib/gcc/msp430/4.7.3/../../../../msp430/lib/mmpy-16/libc.a(vuprintf.o)
                0x000000000000ac9c                vuprintf
 .text.puts     0x000000000000b2da       0x2c /home/harishnr/NES/mspgcc-4.7.3/bin/../lib/gcc/msp430/4.7.3/../../../../msp430/lib/mmpy-16/libc.a(puts.o)
                0x000000000000b2da                puts
 .text.rand     0x000000000000b306       0x26 /home/harishnr/NES/mspgcc-4.7.3/bin/../lib/gcc/msp430/4.7.3/../../../../msp430/lib/mmpy-16/libc.a(rand.o)
                0x000000000000b306                rand
 .text.srand    0x000000000000b32c        0xa /home/harishnr/NES/mspgcc-4.7.3/bin/../lib/gcc/msp430/4.7.3/../../../../msp430/lib/mmpy-16/libc.a(rand.o)
                0x000000000000b32c                srand
 .text.strncmp  0x000000000000b336       0x2a /home/harishnr/NES/mspgcc-4.7.3/bin/../lib/gcc/msp430/4.7.3/../../../../msp430/lib/mmpy-16/libc.a(strncmp.o)
                0x000000000000b336                strncmp
 .text.memcmp   0x000000000000b360       0x30 /home/harishnr/NES/mspgcc-4.7.3/bin/../lib/gcc/msp430/4.7.3/../../../../msp430/lib/mmpy-16/libc.a(memcmp.o)
                0x000000000000b360                memcmp
 .text.strcpy   0x000000000000b390       0x14 /home/harishnr/NES/mspgcc-4.7.3/bin/../lib/gcc/msp430/4.7.3/../../../../msp430/lib/mmpy-16/libc.a(strcpy.o)
                0x000000000000b390                strcpy
 .text.memcpy   0x000000000000b3a4       0xfa /home/harishnr/NES/mspgcc-4.7.3/bin/../lib/gcc/msp430/4.7.3/../../../../msp430/lib/mmpy-16/libc.a(memcpy.o)
                0x000000000000b3a4                memcpy
 .text.memset   0x000000000000b49e       0x6a /home/harishnr/NES/mspgcc-4.7.3/bin/../lib/gcc/msp430/4.7.3/../../../../msp430/lib/mmpy-16/libc.a(memset.o)
                0x000000000000b49e                memset
 .text.libgcc   0x000000000000b508       0x22 /home/harishnr/NES/mspgcc-4.7.3/bin/../lib/gcc/msp430/4.7.3/mmpy-16/libgcc.a(_udivmod16.o)
                0x000000000000b508                __udivhi3
                0x000000000000b508                __ext_udivmod16
                0x000000000000b522                __umodhi3
 .text.libgcc   0x000000000000b52a       0xf0 /home/harishnr/NES/mspgcc-4.7.3/bin/../lib/gcc/msp430/4.7.3/mmpy-16/libgcc.a(_udivmod64.o)
                0x000000000000b52a                __xabi_udivmod64
                0x000000000000b588                __udivdi3
                0x000000000000b5ae                __umoddi3
                0x000000000000b5dc                __udivmoddi4
 .text.crt0     0x000000000000b61a        0x2 /home/harishnr/NES/mspgcc-4.7.3/bin/../lib/gcc/msp430/4.7.3/mmpy-16/libcrt0.a(_unexpected_.o)
                0x000000000000b61a                _unexpected_
 *(.near.text .near.text.*)

.rodata         0x000000000000b61c      0x63b
                0x000000000000b61c                . = ALIGN (0x2)
 *(.rodata .rodata.* .gnu.linkonce.r.*)
 .rodata        0x000000000000b61c      0x31e aodv.co
                0x000000000000b8e4                autostart_processes
 .rodata        0x000000000000b93a      0x167 obj_sky/contiki-sky-main.o
 *fill*         0x000000000000baa1        0x1 00
 .rodata        0x000000000000baa2       0x10 contiki-sky.a(button-sensor.o)
                0x000000000000baaa                button_sensor
 .rodata        0x000000000000bab2        0x8 contiki-sky.a(sensors.o)
 *fill*         0x000000000000baba        0x2 00
 .rodata.get_value
                0x000000000000babc       0x1c contiki-sky.a(cc2420.o)
 .rodata        0x000000000000bad8       0x3e contiki-sky.a(cc2420.o)
                0x000000000000bad8                cc2420_aes_128_driver
                0x000000000000badc                cc2420_driver
 .rodata        0x000000000000bb16       0x26 contiki-sky.a(slip.o)
 .rodata        0x000000000000bb3c        0xf contiki-sky.a(ctimer.o)
 .rodata        0x000000000000bb4b        0xc contiki-sky.a(etimer.o)
 *fill*         0x000000000000bb57        0x1 00
 .rodata.uip_process
                0x000000000000bb58       0x20 contiki-sky.a(uip.o)
 .rodata        0x000000000000bb78        0x8 contiki-sky.a(uip.o)
                0x000000000000bb78                uip_all_zeroes_addr
                0x000000000000bb7c                uip_broadcast_addr
 .rodata        0x000000000000bb80        0xe contiki-sky.a(uip-fw-drv.o)
 .rodata        0x000000000000bb8e        0xa contiki-sky.a(uip-over-mesh.o)
 .rodata        0x000000000000bb98        0xd contiki-sky.a(tcpip.o)
 *fill*         0x000000000000bba5        0x1 00
 .rodata        0x000000000000bba6        0x8 contiki-sky.a(broadcast.o)
 .rodata        0x000000000000bbae        0xc contiki-sky.a(rime.o)
                0x000000000000bbb4                rime_driver
 .rodata        0x000000000000bbba        0xa contiki-sky.a(route-discovery)
 .rodata        0x000000000000bbc4        0xa contiki-sky.a(trickle.o)
 .rodata        0x000000000000bbce        0xa contiki-sky.a(unicast.o)
 .rodata        0x000000000000bbd8       0x14 contiki-sky.a(csma.o)
                0x000000000000bbde                csma_driver
 .rodata        0x000000000000bbec        0x2 contiki-sky.a(linkaddr.o)
                0x000000000000bbec                linkaddr_null
 .rodata        0x000000000000bbee       0x1c contiki-sky.a(contikimac.o)
                0x000000000000bbfa                contikimac_driver
 .rodata        0x000000000000bc0a        0x8 contiki-sky.a(contikimac-fram)
                0x000000000000bc0a                contikimac_framer
 .rodata        0x000000000000bc12       0x14 contiki-sky.a(nullsec.o)
                0x000000000000bc1a                nullsec_driver
 .rodata        0x000000000000bc26        0x2 contiki-sky.a(abc.o)
 .rodata        0x000000000000bc28        0x4 contiki-sky.a(broadcast-annou)
 .rodata        0x000000000000bc2c        0x6 contiki-sky.a(netflood.o)
 .rodata        0x000000000000bc32        0x8 contiki-sky.a(framer-802154.o)
                0x000000000000bc32                framer_802154
 .rodata        0x000000000000bc3a       0x10 contiki-sky.a(chameleon-bitop)
                0x000000000000bc3a                chameleon_bitopt
 .rodata        0x000000000000bc4a        0x4 contiki-sky.a(ipolite.o)
 .rodata        0x000000000000bc4e        0x2 contiki-sky.a(frame802154.o)
 .rodata.vuprintf
                0x000000000000bc50        0x7 /home/harishnr/NES/mspgcc-4.7.3/bin/../lib/gcc/msp430/4.7.3/../../../../msp430/lib/mmpy-16/libc.a(vuprintf.o)
 *(.near.rodata .near.rodata.*)
                0x000000000000bc58                . = ALIGN (0x2)
                0x000000000000bc58                _etext = .

.data           0x0000000000001100       0xc4 load address 0x000000000000bc58
                0x0000000000001100                . = ALIGN (0x2)
                0x0000000000001100                __data_start = .
 *(.data .data.* .gnu.linkonce.d.*)
 .data          0x0000000000001100       0x2a aodv.co
                0x0000000000001100                seqno
                0x000000000000110a                data_pck
                0x0000000000001114                rreq_pck
                0x000000000000111e                est_conn
 .data          0x000000000000112a       0x18 obj_sky/contiki-sky-main.o
 .data          0x0000000000001142        0x4 contiki-sky.a(contiki-sky-pla)
                0x0000000000001142                sensors
 .data          0x0000000000001146        0xa contiki-sky.a(sensors.o)
                0x0000000000001146                sensors_process
 .data          0x0000000000001150        0xa contiki-sky.a(cc2420.o)
                0x0000000000001150                cc2420_process
 .data          0x000000000000115a        0xa contiki-sky.a(slip.o)
                0x000000000000115a                slip_process
 .data          0x0000000000001164        0x2 contiki-sky.a(msp430.o)
 .data          0x0000000000001166        0xa contiki-sky.a(ctimer.o)
                0x0000000000001166                ctimer_process
 .data          0x0000000000001170        0xa contiki-sky.a(etimer.o)
                0x0000000000001170                etimer_process
 .data          0x000000000000117a        0xa contiki-sky.a(uip-fw-drv.o)
                0x000000000000117a                uip_fw_process
 .data          0x0000000000001184        0xa contiki-sky.a(tcpip.o)
                0x0000000000001184                tcpip_process
 .data          0x000000000000118e        0xa contiki-sky.a(route.o)
 .data          0x0000000000001198       0x18 contiki-sky.a(csma.o)
 .data          0x00000000000011b0       0x10 contiki-sky.a(queuebuf.o)
 .data.next     0x00000000000011c0        0x4 /home/harishnr/NES/mspgcc-4.7.3/bin/../lib/gcc/msp430/4.7.3/../../../../msp430/lib/mmpy-16/libc.a(rand.o)
 *(.near.data .near.data.*)
                0x00000000000011c4                . = ALIGN (0x2)
                0x00000000000011c4                _edata = .
                0x000000000000bc58                __data_load_start = LOADADDR (.data)
                0x00000000000000c4                __data_size = SIZEOF (.data)

.bss            0x00000000000011c4     0x1822 load address 0x000000000000bd1c
                0x00000000000011c4                __bss_start = .
 *(.bss .bss.*)
 .bss           0x00000000000011c4      0x1ea aodv.co
 .bss           0x00000000000013ae        0xe obj_sky/contiki-sky-main.o
 .bss           0x00000000000013bc        0x8 contiki-sky.a(button-sensor.o)
 .bss           0x00000000000013c4        0x2 contiki-sky.a(node-id.o)
                0x00000000000013c4                node_id
 .bss           0x00000000000013c6        0x6 contiki-sky.a(sensors.o)
 .bss           0x00000000000013cc        0x8 contiki-sky.a(cc2420.o)
 .bss           0x00000000000013d4       0x9a contiki-sky.a(uart1.o)
 .bss           0x000000000000146e        0x1 contiki-sky.a(slip_uart1.o)
 *fill*         0x000000000000146f        0x1 00
 .bss           0x0000000000001470       0x88 contiki-sky.a(slip.o)
 .bss           0x00000000000014f8        0xa contiki-sky.a(clock.o)
 .bss           0x0000000000001502        0x1 contiki-sky.a(leds.o)
 *fill*         0x0000000000001503        0x1 00
 .bss           0x0000000000001504        0x2 contiki-sky.a(watchdog.o)
 .bss           0x0000000000001506        0x4 contiki-sky.a(ctimer.o)
 .bss           0x000000000000150a        0x6 contiki-sky.a(etimer.o)
 .bss           0x0000000000001510       0x42 contiki-sky.a(process.o)
                0x0000000000001510                process_current
                0x0000000000001512                process_list
 .bss           0x0000000000001552        0x2 contiki-sky.a(rtimer.o)
 .bss           0x0000000000001554       0x14 contiki-sky.a(uip.o)
                0x0000000000001554                uip_lladdr
 .bss           0x0000000000001568      0x1a8 contiki-sky.a(uip-fw.o)
 .bss           0x0000000000001710       0xd2 contiki-sky.a(uip-over-mesh.o)
 .bss           0x00000000000017e2       0x36 contiki-sky.a(tcpip.o)
 .bss           0x0000000000001818        0x2 contiki-sky.a(channel.o)
 .bss           0x000000000000181a        0x2 contiki-sky.a(rime.o)
 .bss           0x000000000000181c       0x7e contiki-sky.a(route.o)
 .bss           0x000000000000189a        0x1 contiki-sky.a(route-discovery)
 *fill*         0x000000000000189b        0x1 00
 .bss           0x000000000000189c      0x128 contiki-sky.a(csma.o)
 .bss           0x00000000000019c4       0xb8 contiki-sky.a(packetbuf.o)
 .bss           0x0000000000001a7c      0xc20 contiki-sky.a(queuebuf.o)
 .bss           0x000000000000269c       0x32 contiki-sky.a(contikimac.o)
 .bss           0x00000000000026ce        0x8 contiki-sky.a(compower.o)
 .bss           0x00000000000026d6        0x6 contiki-sky.a(announcement.o)
 .bss           0x00000000000026dc       0x46 contiki-sky.a(broadcast-annou)
 .bss           0x0000000000002722        0x2 contiki-sky.a(framer-802154.o)
 .bss           0x0000000000002724       0x40 contiki-sky.a(mac-sequence.o)
 *(.near.bss .near.bss.*)
 *(COMMON)
 COMMON         0x0000000000002764        0x2 contiki-sky.a(contiki-sky-pla)
                0x0000000000002764                sensors_flags
 COMMON         0x0000000000002766        0x8 contiki-sky.a(ds2411.o)
                0x0000000000002766                ds2411_id
 COMMON         0x000000000000276e        0x1 contiki-sky.a(sensors.o)
                0x000000000000276e                sensors_event
 *fill*         0x000000000000276f        0x1 00
 COMMON         0x0000000000002770       0x10 contiki-sky.a(cc2420.o)
                0x0000000000002770                cc2420_last_rssi
                0x0000000000002772                cc2420_sfd_start_time
                0x0000000000002774                cc2420_time_of_departure
                0x0000000000002776                cc2420_time_of_arrival
                0x0000000000002778                cc2420_last_correlation
                0x000000000000277a                cc2420_authority_level_of_sender
                0x000000000000277c                cc2420_sfd_counter
                0x000000000000277e                cc2420_sfd_end_time
 COMMON         0x0000000000002780        0x1 contiki-sky.a(slip.o)
                0x0000000000002780                slip_active
 *fill*         0x0000000000002781        0x1 00
 COMMON         0x0000000000002782        0x2 contiki-sky.a(msp430.o)
                0x0000000000002782                msp430_dco_required
 COMMON         0x0000000000002784       0x56 contiki-sky.a(energest.o)
                0x0000000000002784                energest_total_time
                0x00000000000027b4                energest_total_count
                0x00000000000027b6                energest_current_mode
                0x00000000000027c2                energest_current_time
 COMMON         0x00000000000027da        0x1 contiki-sky.a(process.o)
                0x00000000000027da                process_maxevents
 *fill*         0x00000000000027db        0x1 00
 COMMON         0x00000000000027dc      0x1c2 contiki-sky.a(uip.o)
                0x00000000000027dc                uip_len
                0x00000000000027de                uip_sappdata
                0x00000000000027e0                uip_acc32
                0x00000000000027e4                uip_aligned_buf
                0x0000000000002850                uip_flags
                0x0000000000002852                uip_udp_conn
                0x0000000000002854                uip_appdata
                0x0000000000002856                uip_conn
                0x0000000000002858                uip_conns
                0x00000000000028d8                uip_listenports
                0x00000000000028e8                uip_draddr
                0x00000000000028ec                uip_netmask
                0x00000000000028f0                uip_hostaddr
                0x00000000000028f4                uip_slen
                0x00000000000028f6                uip_udp_conns
 COMMON         0x000000000000299e        0x2 contiki-sky.a(tcpip.o)
                0x000000000000299e                tcpip_is_forwarding
                0x000000000000299f                tcpip_event
 COMMON         0x00000000000029a0        0x2 contiki-sky.a(linkaddr.o)
                0x00000000000029a0                linkaddr_node_addr
 COMMON         0x00000000000029a2       0x3c contiki-sky.a(packetbuf.o)
                0x00000000000029a2                packetbuf_addrs
                0x00000000000029aa                packetbuf_attrs
 COMMON         0x00000000000029de        0x8 contiki-sky.a(compower.o)
                0x00000000000029de                compower_idle_activity
                0x00000000000029e6                . = ALIGN (0x2)
                0x00000000000029e6                __bss_end = .
                0x0000000000001822                __bss_size = SIZEOF (.bss)

.noinit         0x00000000000029e6        0x2 load address 0x000000000000bd1c
                0x00000000000029e6                . = ALIGN (0x2)
                0x00000000000029e6                __noinit_start = .
 *(.noinit .noinit.*)
 .noinit.crt0   0x00000000000029e6        0x2 /home/harishnr/NES/mspgcc-4.7.3/bin/../lib/gcc/msp430/4.7.3/mmpy-16/libcrt0.a(__watchdog_support.o)
                0x00000000000029e6                __wdt_clear_value
                0x00000000000029e8                . = ALIGN (0x2)
                0x00000000000029e8                __noinit_end = .
                0x00000000000029e8                . = ALIGN (0x2)
                0x00000000000029e8                _end = .

.infomem        0x0000000000001000        0x0
                0x0000000000001000                . = ALIGN (0x2)
 *(.infomem .infomem.*)

.infomemnobits  0x0000000000001000        0x0
                0x0000000000001000                . = ALIGN (0x2)
 *(.infomemnobits .infomemnobits.*)

.infoa          0x0000000000001080        0x0
                0x0000000000001080                . = ALIGN (0x2)
 *(.infoa .infoa.*)

.infob          0x0000000000001000        0x0
                0x0000000000001000                . = ALIGN (0x2)
 *(.infob .infob.*)

.infoc          0x0000000000000000        0x0
                0x0000000000000000                . = ALIGN (0x2)
 *(.infoc .infoc.*)

.infod          0x0000000000000000        0x0
                0x0000000000000000                . = ALIGN (0x2)
 *(.infod .infod.*)
                0x000000000000ffff                PROVIDE (__vte_0, 0xffff)
                0x000000000000ffff                PROVIDE (__vte_1, 0xffff)
                0x000000000000ffff                PROVIDE (__vte_2, 0xffff)
                0x000000000000ffff                PROVIDE (__vte_3, 0xffff)
                0x000000000000ffff                PROVIDE (__vte_4, 0xffff)
                0x000000000000ffff                PROVIDE (__vte_5, 0xffff)
                0x000000000000ffff                PROVIDE (__vte_6, 0xffff)
                0x000000000000ffff                PROVIDE (__vte_7, 0xffff)
                0x000000000000ffff                PROVIDE (__vte_8, 0xffff)
                0x000000000000ffff                PROVIDE (__vte_9, 0xffff)
                0x000000000000ffff                PROVIDE (__vte_10, 0xffff)
                0x000000000000ffff                PROVIDE (__vte_11, 0xffff)
                0x000000000000ffff                PROVIDE (__vte_12, 0xffff)
                0x000000000000ffff                PROVIDE (__vte_13, 0xffff)
                0x000000000000ffff                PROVIDE (__vte_14, 0xffff)
                0x000000000000ffff                PROVIDE (__vte_15, 0xffff)
                0x000000000000ffff                PROVIDE (__vte_16, 0xffff)
                0x000000000000ffff                PROVIDE (__vte_17, 0xffff)
                0x000000000000ffff                PROVIDE (__vte_18, 0xffff)
                0x000000000000ffff                PROVIDE (__vte_19, 0xffff)
                0x000000000000ffff                PROVIDE (__vte_20, 0xffff)
                0x000000000000ffff                PROVIDE (__vte_21, 0xffff)
                0x000000000000ffff                PROVIDE (__vte_22, 0xffff)
                0x000000000000ffff                PROVIDE (__vte_23, 0xffff)
                0x000000000000ffff                PROVIDE (__vte_24, 0xffff)
                0x000000000000ffff                PROVIDE (__vte_25, 0xffff)
                0x000000000000ffff                PROVIDE (__vte_26, 0xffff)
                0x000000000000ffff                PROVIDE (__vte_27, 0xffff)
                0x000000000000ffff                PROVIDE (__vte_28, 0xffff)
                0x000000000000ffff                PROVIDE (__vte_29, 0xffff)
                0x000000000000ffff                PROVIDE (__vte_30, 0xffff)
                0x000000000000ffff                PROVIDE (__vte_31, 0xffff)

.vectors        0x000000000000ffe0       0x20
                0x000000000000ffe0                __vectors_start = .
 *(.vectors*)
 .vectors       0x000000000000ffe0       0x20 /home/harishnr/NES/mspgcc-4.7.3/bin/../lib/gcc/msp430/4.7.3/mmpy-16/crt0ivtbl16.o
                0x000000000000ffe0                __ivtbl_16
                0x0000000000010000                _vectors_end = .

.fartext        0x0000000000000000        0x0
                0x0000000000000000                . = ALIGN (0x2)
 *(.fartext .fartext.*)

.far.text       0x0000000000000000        0x0
                0x0000000000000000                . = ALIGN (0x2)
 *(.far.text .far.text.*)

.far.rodata     0x0000000000000000        0x0
                0x0000000000000000                . = ALIGN (0x2)
 *(.far.rodata .far.rodata.*)
                0x0000000000000000                . = ALIGN (0x2)
                0x0000000000000000                _efartext = .

.far.data       0x0000000000000000        0x0
                0x0000000000000000                . = ALIGN (0x2)
                0x0000000000000000                __far_data_start = .
 *(.far.data .far.data.*)
                0x0000000000000000                . = ALIGN (0x2)
                0x0000000000000000                _efardata = .
                0x0000000000000000                __far_data_load_start = LOADADDR (.far.data)
                0x0000000000000000                __far_data_size = SIZEOF (.far.data)

.far.bss        0x0000000000000000        0x0
                0x0000000000000000                . = ALIGN (0x2)
                0x0000000000000000                __far_bss_start = .
 *(.far.bss .far.bss.*)
                0x0000000000000000                . = ALIGN (0x2)
                0x0000000000000000                __far_bss_end = .
                0x0000000000000000                __far_bss_size = SIZEOF (.far.bss)
                0x0000000000000000                . = ALIGN (0x2)
                0x0000000000000000                _far_end = .

.profiler
 *(.profiler)

.stab           0x0000000000000000    0x223c8
 *(.stab)
 .stab          0x0000000000000000     0x1fa4 aodv.co
 .stab          0x0000000000001fa4     0x1224 obj_sky/contiki-sky-main.o
                                       0x195c (size before relaxing)
 .stab          0x00000000000031c8      0x24c contiki-sky.a(contiki-sky-pla)
                                        0x5ac (size before relaxing)
 .stab          0x0000000000003414      0x468 contiki-sky.a(button-sensor.o)
                                        0x7d4 (size before relaxing)
 .stab          0x000000000000387c      0x618 contiki-sky.a(ds2411.o)
                                        0xb34 (size before relaxing)
 .stab          0x0000000000003e94      0x9d8 contiki-sky.a(xmem.o)
                                        0xf00 (size before relaxing)
 .stab          0x000000000000486c      0x2b8 contiki-sky.a(node-id.o)
                                        0x4e0 (size before relaxing)
 .stab          0x0000000000004b24      0x69c contiki-sky.a(sensors.o)
                                        0xbb8 (size before relaxing)
 .stab          0x00000000000051c0     0x22c8 contiki-sky.a(cc2420.o)
                                       0x2c40 (size before relaxing)
 .stab          0x0000000000007488      0x9cc contiki-sky.a(cc2420-arch.o)
                                       0x13f8 (size before relaxing)
 .stab          0x0000000000007e54      0x600 contiki-sky.a(uart1.o)
                                        0x954 (size before relaxing)
 .stab          0x0000000000008454      0x330 contiki-sky.a(slip_uart1.o)
                                        0x684 (size before relaxing)
 .stab          0x0000000000008784      0xb70 contiki-sky.a(slip.o)
                                       0x1308 (size before relaxing)
 .stab          0x00000000000092f4      0x72c contiki-sky.a(msp430.o)
                                        0xa80 (size before relaxing)
 .stab          0x0000000000009a20      0x930 contiki-sky.a(clock.o)
                                        0xc84 (size before relaxing)
 .stab          0x000000000000a350      0x5a0 contiki-sky.a(leds.o)
                                        0x7ec (size before relaxing)
 .stab          0x000000000000a8f0      0x378 contiki-sky.a(leds-arch.o)
                                        0x6cc (size before relaxing)
 .stab          0x000000000000ac68      0x3cc contiki-sky.a(watchdog.o)
                                        0x720 (size before relaxing)
 .stab          0x000000000000b034      0x3b4 contiki-sky.a(rtimer-arch.o)
                                        0x708 (size before relaxing)
 .stab          0x000000000000b3e8      0x294 contiki-sky.a(autostart.o)
                                        0x534 (size before relaxing)
 .stab          0x000000000000b67c      0x78c contiki-sky.a(ctimer.o)
                                        0xaf8 (size before relaxing)
 .stab          0x000000000000be08      0x474 contiki-sky.a(energest.o)
                                        0x6fc (size before relaxing)
 .stab          0x000000000000c27c      0x9fc contiki-sky.a(etimer.o)
                                        0xccc (size before relaxing)
 .stab          0x000000000000cc78      0xb70 contiki-sky.a(process.o)
                                       0x1008 (size before relaxing)
 .stab          0x000000000000d7e8      0x3cc contiki-sky.a(rtimer.o)
                                        0x6b4 (size before relaxing)
 .stab          0x000000000000dbb4      0x348 contiki-sky.a(timer.o)
                                        0x588 (size before relaxing)
 .stab          0x000000000000defc      0x7bc contiki-sky.a(list.o)
                                        0x7c8 (size before relaxing)
 .stab          0x000000000000e6b8      0x21c contiki-sky.a(random.o)
                                        0x618 (size before relaxing)
 .stab          0x000000000000e8d4     0x2418 contiki-sky.a(uip.o)
                                       0x2b74 (size before relaxing)
 .stab          0x0000000000010cec      0x960 contiki-sky.a(uip-fw.o)
                                       0x10d4 (size before relaxing)
 .stab          0x000000000001164c      0x2d0 contiki-sky.a(uip-fw-drv.o)
                                        0xa38 (size before relaxing)
 .stab          0x000000000001191c      0xb88 contiki-sky.a(uip-over-mesh.o)
                                       0x180c (size before relaxing)
 .stab          0x00000000000124a4     0x1044 contiki-sky.a(tcpip.o)
                                       0x1ea8 (size before relaxing)
 .stab          0x00000000000134e8      0x6cc contiki-sky.a(broadcast.o)
                                       0x1500 (size before relaxing)
 .stab          0x0000000000013bb4      0x654 contiki-sky.a(channel.o)
                                       0x1278 (size before relaxing)
 .stab          0x0000000000014208      0xcb4 contiki-sky.a(rime.o)
                                       0x13f8 (size before relaxing)
 .stab          0x0000000000014ebc      0x9e4 contiki-sky.a(route.o)
                                        0xedc (size before relaxing)
 .stab          0x00000000000158a0      0xa08 contiki-sky.a(route-discovery)
                                       0x16b0 (size before relaxing)
 .stab          0x00000000000162a8      0x7c8 contiki-sky.a(trickle.o)
                                       0x1074 (size before relaxing)
 .stab          0x0000000000016a70      0x618 contiki-sky.a(unicast.o)
                                       0x1290 (size before relaxing)
 .stab          0x0000000000017088      0xdec contiki-sky.a(csma.o)
                                       0x159c (size before relaxing)
 .stab          0x0000000000017e74      0x1f8 contiki-sky.a(mac.o)
                                        0x4ec (size before relaxing)
 .stab          0x000000000001806c      0x2ac contiki-sky.a(linkaddr.o)
                                        0x6a8 (size before relaxing)
 .stab          0x0000000000018318      0xd74 contiki-sky.a(packetbuf.o)
                                       0x1bc0 (size before relaxing)
 .stab          0x000000000001908c      0xa38 contiki-sky.a(queuebuf.o)
                                       0x186c (size before relaxing)
 .stab          0x0000000000019ac4     0x17ac contiki-sky.a(contikimac.o)
                                       0x23b8 (size before relaxing)
 .stab          0x000000000001b270      0x6d8 contiki-sky.a(contikimac-fram)
                                        0xf18 (size before relaxing)
 .stab          0x000000000001b948      0x684 contiki-sky.a(nullsec.o)
                                        0xd80 (size before relaxing)
 .stab          0x000000000001bfcc      0x1f8 contiki-sky.a(spi.o)
                                        0x420 (size before relaxing)
 .stab          0x000000000001c1c4      0x300 contiki-sky.a(uip-ipchksum.o)
                                        0xa50 (size before relaxing)
 .stab          0x000000000001c4c4      0x4ec contiki-sky.a(compower.o)
                                        0xcf0 (size before relaxing)
 .stab          0x000000000001c9b0      0x5c4 contiki-sky.a(memb.o)
                                        0xaf8 (size before relaxing)
 .stab          0x000000000001cf74      0x660 contiki-sky.a(abc.o)
                                       0x1494 (size before relaxing)
 .stab          0x000000000001d5d4      0x6b4 contiki-sky.a(announcement.o)
                                        0x954 (size before relaxing)
 .stab          0x000000000001dc88      0x948 contiki-sky.a(broadcast-annou)
                                       0x15c0 (size before relaxing)
 .stab          0x000000000001e5d0      0x588 contiki-sky.a(chameleon.o)
                                       0x1230 (size before relaxing)
 .stab          0x000000000001eb58      0x750 contiki-sky.a(netflood.o)
                                       0x1014 (size before relaxing)
 .stab          0x000000000001f2a8      0x918 contiki-sky.a(framer-802154.o)
                                        0xf54 (size before relaxing)
 .stab          0x000000000001fbc0      0x318 contiki-sky.a(framer.o)
                                        0xc54 (size before relaxing)
 .stab          0x000000000001fed8      0x600 contiki-sky.a(mac-sequence.o)
                                       0x144c (size before relaxing)
 .stab          0x00000000000204d8      0xd44 contiki-sky.a(chameleon-bitop)
                                       0x19bc (size before relaxing)
 .stab          0x000000000002121c      0x8b8 contiki-sky.a(ipolite.o)
                                       0x153c (size before relaxing)
 .stab          0x0000000000021ad4      0x8f4 contiki-sky.a(frame802154.o)
                                       0x10c8 (size before relaxing)

.stabstr        0x0000000000000000    0x1950c
 *(.stabstr)
 .stabstr       0x0000000000000000    0x1950c aodv.co

.stab.excl
 *(.stab.excl)

.stab.exclstr
 *(.stab.exclstr)

.stab.index
 *(.stab.index)

.stab.indexstr
 *(.stab.indexstr)

.comment        0x0000000000000000       0x30
 *(.comment)
 .comment       0x0000000000000000       0x30 aodv.co
                                         0x31 (size before relaxing)
 .comment       0x0000000000000000       0x31 obj_sky/contiki-sky-main.o
 .comment       0x0000000000000000       0x31 contiki-sky.a(contiki-sky-pla)
 .comment       0x0000000000000000       0x31 contiki-sky.a(button-sensor.o)
 .comment       0x0000000000000000       0x31 contiki-sky.a(ds2411.o)
 .comment       0x0000000000000000       0x31 contiki-sky.a(xmem.o)
 .comment       0x0000000000000000       0x31 contiki-sky.a(node-id.o)
 .comment       0x0000000000000000       0x31 contiki-sky.a(sensors.o)
 .comment       0x0000000000000000       0x31 contiki-sky.a(cc2420.o)
 .comment       0x0000000000000000       0x31 contiki-sky.a(cc2420-arch.o)
 .comment       0x0000000000000000       0x31 contiki-sky.a(uart1.o)
 .comment       0x0000000000000000       0x31 contiki-sky.a(slip_uart1.o)
 .comment       0x0000000000000000       0x31 contiki-sky.a(slip.o)